Archive member included to satisfy reference by file (symbol)

c:/st/stm32cubeide_1.6.0/stm32cubeide/plugins/com.st.stm32cube.ide.mcu.externaltools.gnu-tools-for-stm32.9-2020-q2-update.win32_1.5.0.202011040924/tools/bin/../lib/gcc/arm-none-eabi/9.3.1/../../../../arm-none-eabi/lib/thumb/v7e-m+fp/hard\libc_nano.a(lib_a-errno.o)
                              Core/Src/syscalls.o (__errno)
c:/st/stm32cubeide_1.6.0/stm32cubeide/plugins/com.st.stm32cube.ide.mcu.externaltools.gnu-tools-for-stm32.9-2020-q2-update.win32_1.5.0.202011040924/tools/bin/../lib/gcc/arm-none-eabi/9.3.1/../../../../arm-none-eabi/lib/thumb/v7e-m+fp/hard\libc_nano.a(lib_a-exit.o)
                              c:/st/stm32cubeide_1.6.0/stm32cubeide/plugins/com.st.stm32cube.ide.mcu.externaltools.gnu-tools-for-stm32.9-2020-q2-update.win32_1.5.0.202011040924/tools/bin/../lib/gcc/arm-none-eabi/9.3.1/../../../../arm-none-eabi/lib/thumb/v7e-m+fp/hard/crt0.o (exit)
c:/st/stm32cubeide_1.6.0/stm32cubeide/plugins/com.st.stm32cube.ide.mcu.externaltools.gnu-tools-for-stm32.9-2020-q2-update.win32_1.5.0.202011040924/tools/bin/../lib/gcc/arm-none-eabi/9.3.1/../../../../arm-none-eabi/lib/thumb/v7e-m+fp/hard\libc_nano.a(lib_a-impure.o)
                              c:/st/stm32cubeide_1.6.0/stm32cubeide/plugins/com.st.stm32cube.ide.mcu.externaltools.gnu-tools-for-stm32.9-2020-q2-update.win32_1.5.0.202011040924/tools/bin/../lib/gcc/arm-none-eabi/9.3.1/../../../../arm-none-eabi/lib/thumb/v7e-m+fp/hard\libc_nano.a(lib_a-exit.o) (_global_impure_ptr)
c:/st/stm32cubeide_1.6.0/stm32cubeide/plugins/com.st.stm32cube.ide.mcu.externaltools.gnu-tools-for-stm32.9-2020-q2-update.win32_1.5.0.202011040924/tools/bin/../lib/gcc/arm-none-eabi/9.3.1/../../../../arm-none-eabi/lib/thumb/v7e-m+fp/hard\libc_nano.a(lib_a-init.o)
                              c:/st/stm32cubeide_1.6.0/stm32cubeide/plugins/com.st.stm32cube.ide.mcu.externaltools.gnu-tools-for-stm32.9-2020-q2-update.win32_1.5.0.202011040924/tools/bin/../lib/gcc/arm-none-eabi/9.3.1/../../../../arm-none-eabi/lib/thumb/v7e-m+fp/hard/crt0.o (__libc_init_array)
c:/st/stm32cubeide_1.6.0/stm32cubeide/plugins/com.st.stm32cube.ide.mcu.externaltools.gnu-tools-for-stm32.9-2020-q2-update.win32_1.5.0.202011040924/tools/bin/../lib/gcc/arm-none-eabi/9.3.1/../../../../arm-none-eabi/lib/thumb/v7e-m+fp/hard\libc_nano.a(lib_a-memcpy-stub.o)
                              Middlewares/Third_Party/FreeRTOS/Source/queue.o (memcpy)
c:/st/stm32cubeide_1.6.0/stm32cubeide/plugins/com.st.stm32cube.ide.mcu.externaltools.gnu-tools-for-stm32.9-2020-q2-update.win32_1.5.0.202011040924/tools/bin/../lib/gcc/arm-none-eabi/9.3.1/../../../../arm-none-eabi/lib/thumb/v7e-m+fp/hard\libc_nano.a(lib_a-memset.o)
                              c:/st/stm32cubeide_1.6.0/stm32cubeide/plugins/com.st.stm32cube.ide.mcu.externaltools.gnu-tools-for-stm32.9-2020-q2-update.win32_1.5.0.202011040924/tools/bin/../lib/gcc/arm-none-eabi/9.3.1/../../../../arm-none-eabi/lib/thumb/v7e-m+fp/hard/crt0.o (memset)
c:/st/stm32cubeide_1.6.0/stm32cubeide/plugins/com.st.stm32cube.ide.mcu.externaltools.gnu-tools-for-stm32.9-2020-q2-update.win32_1.5.0.202011040924/tools/bin/../lib/gcc/arm-none-eabi/9.3.1/../../../../arm-none-eabi/lib/thumb/v7e-m+fp/hard\libc_nano.a(lib_a-sprintf.o)
                              Core/Src/main.o (sprintf)
c:/st/stm32cubeide_1.6.0/stm32cubeide/plugins/com.st.stm32cube.ide.mcu.externaltools.gnu-tools-for-stm32.9-2020-q2-update.win32_1.5.0.202011040924/tools/bin/../lib/gcc/arm-none-eabi/9.3.1/../../../../arm-none-eabi/lib/thumb/v7e-m+fp/hard\libc_nano.a(lib_a-strlen.o)
                              Core/Src/main.o (strlen)
c:/st/stm32cubeide_1.6.0/stm32cubeide/plugins/com.st.stm32cube.ide.mcu.externaltools.gnu-tools-for-stm32.9-2020-q2-update.win32_1.5.0.202011040924/tools/bin/../lib/gcc/arm-none-eabi/9.3.1/../../../../arm-none-eabi/lib/thumb/v7e-m+fp/hard\libc_nano.a(lib_a-nano-svfprintf.o)
                              c:/st/stm32cubeide_1.6.0/stm32cubeide/plugins/com.st.stm32cube.ide.mcu.externaltools.gnu-tools-for-stm32.9-2020-q2-update.win32_1.5.0.202011040924/tools/bin/../lib/gcc/arm-none-eabi/9.3.1/../../../../arm-none-eabi/lib/thumb/v7e-m+fp/hard\libc_nano.a(lib_a-sprintf.o) (_svfprintf_r)
c:/st/stm32cubeide_1.6.0/stm32cubeide/plugins/com.st.stm32cube.ide.mcu.externaltools.gnu-tools-for-stm32.9-2020-q2-update.win32_1.5.0.202011040924/tools/bin/../lib/gcc/arm-none-eabi/9.3.1/../../../../arm-none-eabi/lib/thumb/v7e-m+fp/hard\libc_nano.a(lib_a-nano-vfprintf_i.o)
                              c:/st/stm32cubeide_1.6.0/stm32cubeide/plugins/com.st.stm32cube.ide.mcu.externaltools.gnu-tools-for-stm32.9-2020-q2-update.win32_1.5.0.202011040924/tools/bin/../lib/gcc/arm-none-eabi/9.3.1/../../../../arm-none-eabi/lib/thumb/v7e-m+fp/hard\libc_nano.a(lib_a-nano-svfprintf.o) (_printf_i)
[...]
Memory Configuration

Name             Origin             Length             Attributes
CCMRAM           0x0000000010000000 0x0000000000010000 xrw
RAM              0x0000000020000000 0x0000000000020000 xrw
FLASH            0x0000000008000000 0x0000000000100000 xr
*default*        0x0000000000000000 0xffffffffffffffff

Linker script and memory map

LOAD c:/st/stm32cubeide_1.6.0/stm32cubeide/plugins/com.st.stm32cube.ide.mcu.externaltools.gnu-tools-for-stm32.9-2020-q2-update.win32_1.5.0.202011040924/tools/bin/../lib/gcc/arm-none-eabi/9.3.1/thumb/v7e-m+fp/hard/crti.o
LOAD c:/st/stm32cubeide_1.6.0/stm32cubeide/plugins/com.st.stm32cube.ide.mcu.externaltools.gnu-tools-for-stm32.9-2020-q2-update.win32_1.5.0.202011040924/tools/bin/../lib/gcc/arm-none-eabi/9.3.1/thumb/v7e-m+fp/hard/crtbegin.o
LOAD c:/st/stm32cubeide_1.6.0/stm32cubeide/plugins/com.st.stm32cube.ide.mcu.externaltools.gnu-tools-for-stm32.9-2020-q2-update.win32_1.5.0.202011040924/tools/bin/../lib/gcc/arm-none-eabi/9.3.1/../../../../arm-none-eabi/lib/thumb/v7e-m+fp/hard/crt0.o
LOAD Core/Src/freertos.o
LOAD Core/Src/main.o
LOAD Core/Src/stm32f4xx_hal_msp.o
LOAD Core/Src/stm32f4xx_it.o
LOAD Core/Src/syscalls.o
LOAD Core/Src/sysmem.o
LOAD Core/Src/system_stm32f4xx.o
LOAD Core/Startup/startup_stm32f407vgtx.o
LOAD Drivers/STM32F4xx_HAL_Driver/Src/stm32f4xx_hal.o
LOAD Drivers/STM32F4xx_HAL_Driver/Src/stm32f4xx_hal_cortex.o
LOAD Drivers/STM32F4xx_HAL_Driver/Src/stm32f4xx_hal_dma.o
LOAD Drivers/STM32F4xx_HAL_Driver/Src/stm32f4xx_hal_dma_ex.o
LOAD Drivers/STM32F4xx_HAL_Driver/Src/stm32f4xx_hal_exti.o
LOAD Drivers/STM32F4xx_HAL_Driver/Src/stm32f4xx_hal_flash.o
LOAD Drivers/STM32F4xx_HAL_Driver/Src/stm32f4xx_hal_flash_ex.o
LOAD Drivers/STM32F4xx_HAL_Driver/Src/stm32f4xx_hal_flash_ramfunc.o
LOAD Drivers/STM32F4xx_HAL_Driver/Src/stm32f4xx_hal_gpio.o
LOAD Drivers/STM32F4xx_HAL_Driver/Src/stm32f4xx_hal_pwr.o
LOAD Drivers/STM32F4xx_HAL_Driver/Src/stm32f4xx_hal_pwr_ex.o
LOAD Drivers/STM32F4xx_HAL_Driver/Src/stm32f4xx_hal_rcc.o
LOAD Drivers/STM32F4xx_HAL_Driver/Src/stm32f4xx_hal_rcc_ex.o
LOAD Drivers/STM32F4xx_HAL_Driver/Src/stm32f4xx_hal_tim.o
LOAD Drivers/STM32F4xx_HAL_Driver/Src/stm32f4xx_hal_tim_ex.o
LOAD Drivers/STM32F4xx_HAL_Driver/Src/stm32f4xx_hal_uart.o
LOAD Middlewares/Third_Party/FreeRTOS/Source/CMSIS_RTOS/cmsis_os.o
LOAD Middlewares/Third_Party/FreeRTOS/Source/croutine.o
LOAD Middlewares/Third_Party/FreeRTOS/Source/event_groups.o
LOAD Middlewares/Third_Party/FreeRTOS/Source/list.o
LOAD Middlewares/Third_Party/FreeRTOS/Source/queue.o
LOAD Middlewares/Third_Party/FreeRTOS/Source/stream_buffer.o
LOAD Middlewares/Third_Party/FreeRTOS/Source/tasks.o
LOAD Middlewares/Third_Party/FreeRTOS/Source/timers.o
LOAD Middlewares/Third_Party/FreeRTOS/Source/portable/GCC/ARM_CM4F/port.o
LOAD Middlewares/Third_Party/FreeRTOS/Source/portable/MemMang/heap_4.o
START GROUP
LOAD c:/st/stm32cubeide_1.6.0/stm32cubeide/plugins/com.st.stm32cube.ide.mcu.externaltools.gnu-tools-for-stm32.9-2020-q2-update.win32_1.5.0.202011040924/tools/bin/../lib/gcc/arm-none-eabi/9.3.1/../../../../arm-none-eabi/lib/thumb/v7e-m+fp/hard\libc_nano.a
LOAD c:/st/stm32cubeide_1.6.0/stm32cubeide/plugins/com.st.stm32cube.ide.mcu.externaltools.gnu-tools-for-stm32.9-2020-q2-update.win32_1.5.0.202011040924/tools/bin/../lib/gcc/arm-none-eabi/9.3.1/../../../../arm-none-eabi/lib/thumb/v7e-m+fp/hard\libm.a
END GROUP
START GROUP
LOAD c:/st/stm32cubeide_1.6.0/stm32cubeide/plugins/com.st.stm32cube.ide.mcu.externaltools.gnu-tools-for-stm32.9-2020-q2-update.win32_1.5.0.202011040924/tools/bin/../lib/gcc/arm-none-eabi/9.3.1/thumb/v7e-m+fp/hard\libgcc.a
LOAD c:/st/stm32cubeide_1.6.0/stm32cubeide/plugins/com.st.stm32cube.ide.mcu.externaltools.gnu-tools-for-stm32.9-2020-q2-update.win32_1.5.0.202011040924/tools/bin/../lib/gcc/arm-none-eabi/9.3.1/../../../../arm-none-eabi/lib/thumb/v7e-m+fp/hard\libc_nano.a
END GROUP
START GROUP
LOAD c:/st/stm32cubeide_1.6.0/stm32cubeide/plugins/com.st.stm32cube.ide.mcu.externaltools.gnu-tools-for-stm32.9-2020-q2-update.win32_1.5.0.202011040924/tools/bin/../lib/gcc/arm-none-eabi/9.3.1/thumb/v7e-m+fp/hard\libgcc.a
LOAD c:/st/stm32cubeide_1.6.0/stm32cubeide/plugins/com.st.stm32cube.ide.mcu.externaltools.gnu-tools-for-stm32.9-2020-q2-update.win32_1.5.0.202011040924/tools/bin/../lib/gcc/arm-none-eabi/9.3.1/../../../../arm-none-eabi/lib/thumb/v7e-m+fp/hard\libc_nano.a
LOAD c:/st/stm32cubeide_1.6.0/stm32cubeide/plugins/com.st.stm32cube.ide.mcu.externaltools.gnu-tools-for-stm32.9-2020-q2-update.win32_1.5.0.202011040924/tools/bin/../lib/gcc/arm-none-eabi/9.3.1/../../../../arm-none-eabi/lib/thumb/v7e-m+fp/hard\libnosys.a
END GROUP
START GROUP
LOAD c:/st/stm32cubeide_1.6.0/stm32cubeide/plugins/com.st.stm32cube.ide.mcu.externaltools.gnu-tools-for-stm32.9-2020-q2-update.win32_1.5.0.202011040924/tools/bin/../lib/gcc/arm-none-eabi/9.3.1/thumb/v7e-m+fp/hard\libgcc.a
LOAD c:/st/stm32cubeide_1.6.0/stm32cubeide/plugins/com.st.stm32cube.ide.mcu.externaltools.gnu-tools-for-stm32.9-2020-q2-update.win32_1.5.0.202011040924/tools/bin/../lib/gcc/arm-none-eabi/9.3.1/../../../../arm-none-eabi/lib/thumb/v7e-m+fp/hard\libc_nano.a
LOAD c:/st/stm32cubeide_1.6.0/stm32cubeide/plugins/com.st.stm32cube.ide.mcu.externaltools.gnu-tools-for-stm32.9-2020-q2-update.win32_1.5.0.202011040924/tools/bin/../lib/gcc/arm-none-eabi/9.3.1/../../../../arm-none-eabi/lib/thumb/v7e-m+fp/hard\libnosys.a
END GROUP
LOAD c:/st/stm32cubeide_1.6.0/stm32cubeide/plugins/com.st.stm32cube.ide.mcu.externaltools.gnu-tools-for-stm32.9-2020-q2-update.win32_1.5.0.202011040924/tools/bin/../lib/gcc/arm-none-eabi/9.3.1/thumb/v7e-m+fp/hard/crtend.o
LOAD c:/st/stm32cubeide_1.6.0/stm32cubeide/plugins/com.st.stm32cube.ide.mcu.externaltools.gnu-tools-for-stm32.9-2020-q2-update.win32_1.5.0.202011040924/tools/bin/../lib/gcc/arm-none-eabi/9.3.1/thumb/v7e-m+fp/hard/crtn.o
                0x0000000020020000                _estack = (ORIGIN (RAM) + LENGTH (RAM))
                0x0000000000000200                _Min_Heap_Size = 0x200
                0x0000000000000400                _Min_Stack_Size = 0x400

.isr_vector     0x0000000008000000      0x188
                0x0000000008000000                . = ALIGN (0x4)
 *(.isr_vector)
 .isr_vector    0x0000000008000000      0x188 Core/Startup/startup_stm32f407vgtx.o
                0x0000000008000000                g_pfnVectors
                0x0000000008000188                . = ALIGN (0x4)

.text           0x0000000008000190     0x45f4
                0x0000000008000190                . = ALIGN (0x4)
 *(.text)
 .text          0x0000000008000190       0x40 c:/st/stm32cubeide_1.6.0/stm32cubeide/plugins/com.st.stm32cube.ide.mcu.externaltools.gnu-tools-for-stm32.9-2020-q2-update.win32_1.5.0.202011040924/tools/bin/../lib/gcc/arm-none-eabi/9.3.1/thumb/v7e-m+fp/hard/crtbegin.o
 .text          0x00000000080001d0       0x10 c:/st/stm32cubeide_1.6.0/stm32cubeide/plugins/com.st.stm32cube.ide.mcu.externaltools.gnu-tools-for-stm32.9-2020-q2-update.win32_1.5.0.202011040924/tools/bin/../lib/gcc/arm-none-eabi/9.3.1/../../../../arm-none-eabi/lib/thumb/v7e-m+fp/hard\libc_nano.a(lib_a-strlen.o)
                0x00000000080001d0                strlen
 .text          0x00000000080001e0       0xa0 c:/st/stm32cubeide_1.6.0/stm32cubeide/plugins/com.st.stm32cube.ide.mcu.externaltools.gnu-tools-for-stm32.9-2020-q2-update.win32_1.5.0.202011040924/tools/bin/../lib/gcc/arm-none-eabi/9.3.1/../../../../arm-none-eabi/lib/thumb/v7e-m+fp/hard\libc_nano.a(lib_a-memchr.o)
                0x00000000080001e0                memchr
 .text          0x0000000008000280       0x30 c:/st/stm32cubeide_1.6.0/stm32cubeide/plugins/com.st.stm32cube.ide.mcu.externaltools.gnu-tools-for-stm32.9-2020-q2-update.win32_1.5.0.202011040924/tools/bin/../lib/gcc/arm-none-eabi/9.3.1/thumb/v7e-m+fp/hard\libgcc.a(_aeabi_uldivmod.o)
                0x0000000008000280                __aeabi_uldivmod
 .text          0x00000000080002b0      0x2c4 c:/st/stm32cubeide_1.6.0/stm32cubeide/plugins/com.st.stm32cube.ide.mcu.externaltools.gnu-tools-for-stm32.9-2020-q2-update.win32_1.5.0.202011040924/tools/bin/../lib/gcc/arm-none-eabi/9.3.1/thumb/v7e-m+fp/hard\libgcc.a(_udivmoddi4.o)
                0x00000000080002b0                __udivmoddi4
 .text          0x0000000008000574        0x4 c:/st/stm32cubeide_1.6.0/stm32cubeide/plugins/com.st.stm32cube.ide.mcu.externaltools.gnu-tools-for-stm32.9-2020-q2-update.win32_1.5.0.202011040924/tools/bin/../lib/gcc/arm-none-eabi/9.3.1/thumb/v7e-m+fp/hard\libgcc.a(_dvmd_tls.o)
                0x0000000008000574                __aeabi_idiv0
                0x0000000008000574                __aeabi_ldiv0
 *(.text*)
 .text.vApplicationGetIdleTaskMemory
                0x0000000008000578       0x34 Core/Src/freertos.o
                0x0000000008000578                vApplicationGetIdleTaskMemory
 .text.main     0x00000000080005ac      0x108 Core/Src/main.o
                0x00000000080005ac                main
 .text.SystemClock_Config
                0x00000000080006b4       0xbc Core/Src/main.o
                0x00000000080006b4                SystemClock_Config
 .text.MX_USART2_UART_Init
                0x0000000008000770       0x54 Core/Src/main.o
 .text.MX_GPIO_Init
                0x00000000080007c4       0x34 Core/Src/main.o
 .text.TASK1_CONTROL
                0x00000000080007f8       0x78 Core/Src/main.o
                0x00000000080007f8                TASK1_CONTROL
 .text.TASK2_CONTROL
                0x0000000008000870       0x78 Core/Src/main.o
                0x0000000008000870                TASK2_CONTROL
 .text.RECEIVER_TASK
                0x00000000080008e8       0xa8 Core/Src/main.o
                0x00000000080008e8                RECEIVER_TASK
 .text.Error_Handler
                0x0000000008000990        0xa Core/Src/main.o
                0x0000000008000990                Error_Handler
 *fill*         0x000000000800099a        0x2 
 .text.HAL_MspInit
                0x000000000800099c       0x58 Core/Src/stm32f4xx_hal_msp.o
                0x000000000800099c                HAL_MspInit
 .text.HAL_UART_MspInit
                0x00000000080009f4       0x90 Core/Src/stm32f4xx_hal_msp.o
                0x00000000080009f4                HAL_UART_MspInit
 .text.NMI_Handler
                0x0000000008000a84        0x6 Core/Src/stm32f4xx_it.o
                0x0000000008000a84                NMI_Handler
 .text.HardFault_Handler
                0x0000000008000a8a        0x6 Core/Src/stm32f4xx_it.o
                0x0000000008000a8a                HardFault_Handler
 .text.MemManage_Handler
                0x0000000008000a90        0x6 Core/Src/stm32f4xx_it.o
                0x0000000008000a90                MemManage_Handler
 .text.BusFault_Handler
                0x0000000008000a96        0x6 Core/Src/stm32f4xx_it.o
                0x0000000008000a96                BusFault_Handler
 .text.UsageFault_Handler
                0x0000000008000a9c        0x6 Core/Src/stm32f4xx_it.o
                0x0000000008000a9c                UsageFault_Handler
 .text.DebugMon_Handler
                0x0000000008000aa2        0xe Core/Src/stm32f4xx_it.o
                0x0000000008000aa2                DebugMon_Handler
 .text.SysTick_Handler
                0x0000000008000ab0       0x1a Core/Src/stm32f4xx_it.o
                0x0000000008000ab0                SysTick_Handler
 *fill*         0x0000000008000aca        0x2 
 .text._sbrk    0x0000000008000acc       0x6c Core/Src/sysmem.o
                0x0000000008000acc                _sbrk
 .text.SystemInit
                0x0000000008000b38       0x24 Core/Src/system_stm32f4xx.o
                0x0000000008000b38                SystemInit
 .text.Reset_Handler
                0x0000000008000b5c       0x50 Core/Startup/startup_stm32f407vgtx.o
                0x0000000008000b5c                Reset_Handler
 .text.Default_Handler
                0x0000000008000bac        0x2 Core/Startup/startup_stm32f407vgtx.o
                0x0000000008000bac                RTC_Alarm_IRQHandler
                0x0000000008000bac                HASH_RNG_IRQHandler
                0x0000000008000bac                EXTI2_IRQHandler
                0x0000000008000bac                TIM8_CC_IRQHandler
                0x0000000008000bac                TIM1_CC_IRQHandler
                0x0000000008000bac                DMA2_Stream5_IRQHandler
                0x0000000008000bac                DMA1_Stream5_IRQHandler
                0x0000000008000bac                PVD_IRQHandler
                0x0000000008000bac                SDIO_IRQHandler
                0x0000000008000bac                TAMP_STAMP_IRQHandler
                0x0000000008000bac                CAN2_RX1_IRQHandler
                0x0000000008000bac                EXTI3_IRQHandler
                0x0000000008000bac                TIM8_TRG_COM_TIM14_IRQHandler
                0x0000000008000bac                TIM1_UP_TIM10_IRQHandler
                0x0000000008000bac                TIM8_UP_TIM13_IRQHandler
                0x0000000008000bac                I2C3_ER_IRQHandler
                0x0000000008000bac                EXTI0_IRQHandler
                0x0000000008000bac                I2C2_EV_IRQHandler
                0x0000000008000bac                DMA1_Stream2_IRQHandler
                0x0000000008000bac                CAN1_RX0_IRQHandler
                0x0000000008000bac                FPU_IRQHandler
                0x0000000008000bac                OTG_HS_WKUP_IRQHandler
                0x0000000008000bac                CAN2_SCE_IRQHandler
                0x0000000008000bac                DMA2_Stream2_IRQHandler
                0x0000000008000bac                SPI1_IRQHandler
                0x0000000008000bac                TIM6_DAC_IRQHandler
                0x0000000008000bac                TIM1_BRK_TIM9_IRQHandler
                0x0000000008000bac                DCMI_IRQHandler
                0x0000000008000bac                CAN2_RX0_IRQHandler
                0x0000000008000bac                DMA2_Stream3_IRQHandler
                0x0000000008000bac                USART6_IRQHandler
                0x0000000008000bac                USART3_IRQHandler
                0x0000000008000bac                CAN1_RX1_IRQHandler
                0x0000000008000bac                UART5_IRQHandler
                0x0000000008000bac                DMA2_Stream0_IRQHandler
                0x0000000008000bac                TIM4_IRQHandler
                0x0000000008000bac                I2C1_EV_IRQHandler
                0x0000000008000bac                DMA1_Stream6_IRQHandler
                0x0000000008000bac                DMA1_Stream1_IRQHandler
                0x0000000008000bac                UART4_IRQHandler
                0x0000000008000bac                TIM3_IRQHandler
                0x0000000008000bac                RCC_IRQHandler
                0x0000000008000bac                TIM8_BRK_TIM12_IRQHandler
                0x0000000008000bac                Default_Handler
                0x0000000008000bac                EXTI15_10_IRQHandler
                0x0000000008000bac                ADC_IRQHandler
                0x0000000008000bac                DMA1_Stream7_IRQHandler
                0x0000000008000bac                TIM7_IRQHandler
                0x0000000008000bac                CAN2_TX_IRQHandler
                0x0000000008000bac                TIM5_IRQHandler
                0x0000000008000bac                DMA2_Stream7_IRQHandler
                0x0000000008000bac                I2C3_EV_IRQHandler
                0x0000000008000bac                EXTI9_5_IRQHandler
                0x0000000008000bac                RTC_WKUP_IRQHandler
                0x0000000008000bac                ETH_WKUP_IRQHandler
                0x0000000008000bac                SPI2_IRQHandler
                0x0000000008000bac                OTG_HS_EP1_IN_IRQHandler
                0x0000000008000bac                DMA1_Stream0_IRQHandler
                0x0000000008000bac                CAN1_TX_IRQHandler
                0x0000000008000bac                EXTI4_IRQHandler
                0x0000000008000bac                FSMC_IRQHandler
                0x0000000008000bac                ETH_IRQHandler
                0x0000000008000bac                OTG_HS_EP1_OUT_IRQHandler
                0x0000000008000bac                WWDG_IRQHandler
                0x0000000008000bac                TIM2_IRQHandler
                0x0000000008000bac                OTG_FS_WKUP_IRQHandler
                0x0000000008000bac                TIM1_TRG_COM_TIM11_IRQHandler
                0x0000000008000bac                OTG_HS_IRQHandler
                0x0000000008000bac                EXTI1_IRQHandler
                0x0000000008000bac                USART2_IRQHandler
                0x0000000008000bac                I2C2_ER_IRQHandler
                0x0000000008000bac                DMA2_Stream1_IRQHandler
                0x0000000008000bac                CAN1_SCE_IRQHandler
                0x0000000008000bac                FLASH_IRQHandler
                0x0000000008000bac                DMA2_Stream4_IRQHandler
                0x0000000008000bac                USART1_IRQHandler
                0x0000000008000bac                OTG_FS_IRQHandler
                0x0000000008000bac                SPI3_IRQHandler
                0x0000000008000bac                DMA1_Stream4_IRQHandler
                0x0000000008000bac                I2C1_ER_IRQHandler
                0x0000000008000bac                DMA2_Stream6_IRQHandler
                0x0000000008000bac                DMA1_Stream3_IRQHandler
 *fill*         0x0000000008000bae        0x2 
 .text.HAL_Init
                0x0000000008000bb0       0x44 Drivers/STM32F4xx_HAL_Driver/Src/stm32f4xx_hal.o
                0x0000000008000bb0                HAL_Init
 .text.HAL_InitTick
                0x0000000008000bf4       0x60 Drivers/STM32F4xx_HAL_Driver/Src/stm32f4xx_hal.o
                0x0000000008000bf4                HAL_InitTick
 .text.HAL_IncTick
                0x0000000008000c54       0x28 Drivers/STM32F4xx_HAL_Driver/Src/stm32f4xx_hal.o
                0x0000000008000c54                HAL_IncTick
 .text.HAL_GetTick
                0x0000000008000c7c       0x18 Drivers/STM32F4xx_HAL_Driver/Src/stm32f4xx_hal.o
                0x0000000008000c7c                HAL_GetTick
 .text.__NVIC_SetPriorityGrouping
                0x0000000008000c94       0x48 Drivers/STM32F4xx_HAL_Driver/Src/stm32f4xx_hal_cortex.o
 .text.__NVIC_GetPriorityGrouping
                0x0000000008000cdc       0x1c Drivers/STM32F4xx_HAL_Driver/Src/stm32f4xx_hal_cortex.o
 .text.__NVIC_SetPriority
                0x0000000008000cf8       0x54 Drivers/STM32F4xx_HAL_Driver/Src/stm32f4xx_hal_cortex.o
 .text.NVIC_EncodePriority
                0x0000000008000d4c       0x66 Drivers/STM32F4xx_HAL_Driver/Src/stm32f4xx_hal_cortex.o
 *fill*         0x0000000008000db2        0x2 
 .text.SysTick_Config
                0x0000000008000db4       0x44 Drivers/STM32F4xx_HAL_Driver/Src/stm32f4xx_hal_cortex.o
 .text.HAL_NVIC_SetPriorityGrouping
                0x0000000008000df8       0x16 Drivers/STM32F4xx_HAL_Driver/Src/stm32f4xx_hal_cortex.o
                0x0000000008000df8                HAL_NVIC_SetPriorityGrouping
 .text.HAL_NVIC_SetPriority
                0x0000000008000e0e       0x38 Drivers/STM32F4xx_HAL_Driver/Src/stm32f4xx_hal_cortex.o
                0x0000000008000e0e                HAL_NVIC_SetPriority
 .text.HAL_SYSTICK_Config
                0x0000000008000e46       0x18 Drivers/STM32F4xx_HAL_Driver/Src/stm32f4xx_hal_cortex.o
                0x0000000008000e46                HAL_SYSTICK_Config
 *fill*         0x0000000008000e5e        0x2 
 .text.HAL_GPIO_Init
                0x0000000008000e60      0x338 Drivers/STM32F4xx_HAL_Driver/Src/stm32f4xx_hal_gpio.o
                0x0000000008000e60                HAL_GPIO_Init
 .text.HAL_RCC_OscConfig
                0x0000000008001198      0x4f0 Drivers/STM32F4xx_HAL_Driver/Src/stm32f4xx_hal_rcc.o
                0x0000000008001198                HAL_RCC_OscConfig
 .text.HAL_RCC_ClockConfig
                0x0000000008001688      0x1cc Drivers/STM32F4xx_HAL_Driver/Src/stm32f4xx_hal_rcc.o
                0x0000000008001688                HAL_RCC_ClockConfig
 .text.HAL_RCC_GetSysClockFreq
                0x0000000008001854      0x16c Drivers/STM32F4xx_HAL_Driver/Src/stm32f4xx_hal_rcc.o
                0x0000000008001854                HAL_RCC_GetSysClockFreq
 .text.HAL_RCC_GetHCLKFreq
                0x00000000080019c0       0x18 Drivers/STM32F4xx_HAL_Driver/Src/stm32f4xx_hal_rcc.o
                0x00000000080019c0                HAL_RCC_GetHCLKFreq
 .text.HAL_RCC_GetPCLK1Freq
                0x00000000080019d8       0x28 Drivers/STM32F4xx_HAL_Driver/Src/stm32f4xx_hal_rcc.o
                0x00000000080019d8                HAL_RCC_GetPCLK1Freq
 .text.HAL_RCC_GetPCLK2Freq
                0x0000000008001a00       0x28 Drivers/STM32F4xx_HAL_Driver/Src/stm32f4xx_hal_rcc.o
                0x0000000008001a00                HAL_RCC_GetPCLK2Freq
 .text.HAL_UART_Init
                0x0000000008001a28       0x9a Drivers/STM32F4xx_HAL_Driver/Src/stm32f4xx_hal_uart.o
                0x0000000008001a28                HAL_UART_Init
 .text.HAL_UART_Transmit
                0x0000000008001ac2      0x124 Drivers/STM32F4xx_HAL_Driver/Src/stm32f4xx_hal_uart.o
                0x0000000008001ac2                HAL_UART_Transmit
 .text.UART_WaitOnFlagUntilTimeout
                0x0000000008001be6       0xdc Drivers/STM32F4xx_HAL_Driver/Src/stm32f4xx_hal_uart.o
 *fill*         0x0000000008001cc2        0x2 
 .text.UART_SetConfig
                0x0000000008001cc4      0x390 Drivers/STM32F4xx_HAL_Driver/Src/stm32f4xx_hal_uart.o
 .text.vListInitialise
                0x0000000008002054       0x40 Middlewares/Third_Party/FreeRTOS/Source/list.o
                0x0000000008002054                vListInitialise
 .text.vListInitialiseItem
                0x0000000008002094       0x1a Middlewares/Third_Party/FreeRTOS/Source/list.o
                0x0000000008002094                vListInitialiseItem
 .text.vListInsertEnd
                0x00000000080020ae       0x48 Middlewares/Third_Party/FreeRTOS/Source/list.o
                0x00000000080020ae                vListInsertEnd
 .text.vListInsert
                0x00000000080020f6       0x72 Middlewares/Third_Party/FreeRTOS/Source/list.o
                0x00000000080020f6                vListInsert
 .text.uxListRemove
                0x0000000008002168       0x54 Middlewares/Third_Party/FreeRTOS/Source/list.o
                0x0000000008002168                uxListRemove
 .text.xQueueGenericReset
                0x00000000080021bc       0xd0 Middlewares/Third_Party/FreeRTOS/Source/queue.o
                0x00000000080021bc                xQueueGenericReset
 .text.xQueueGenericCreate
                0x000000000800228c       0x74 Middlewares/Third_Party/FreeRTOS/Source/queue.o
                0x000000000800228c                xQueueGenericCreate
 .text.prvInitialiseNewQueue
                0x0000000008002300       0x3e Middlewares/Third_Party/FreeRTOS/Source/queue.o
 *fill*         0x000000000800233e        0x2 
 .text.xQueueGenericSend
                0x0000000008002340      0x1fc Middlewares/Third_Party/FreeRTOS/Source/queue.o
                0x0000000008002340                xQueueGenericSend
 .text.xQueueReceive
                0x000000000800253c      0x1c0 Middlewares/Third_Party/FreeRTOS/Source/queue.o
                0x000000000800253c                xQueueReceive
 .text.prvCopyDataToQueue
                0x00000000080026fc       0xd4 Middlewares/Third_Party/FreeRTOS/Source/queue.o
 .text.prvCopyDataFromQueue
                0x00000000080027d0       0x4c Middlewares/Third_Party/FreeRTOS/Source/queue.o
 .text.prvUnlockQueue
                0x000000000800281c       0xa4 Middlewares/Third_Party/FreeRTOS/Source/queue.o
 .text.prvIsQueueEmpty
                0x00000000080028c0       0x2c Middlewares/Third_Party/FreeRTOS/Source/queue.o
 .text.prvIsQueueFull
                0x00000000080028ec       0x30 Middlewares/Third_Party/FreeRTOS/Source/queue.o
 .text.xTaskCreateStatic
                0x000000000800291c       0xba Middlewares/Third_Party/FreeRTOS/Source/tasks.o
                0x000000000800291c                xTaskCreateStatic
 .text.xTaskCreate
                0x00000000080029d6       0x8a Middlewares/Third_Party/FreeRTOS/Source/tasks.o
                0x00000000080029d6                xTaskCreate
 .text.prvInitialiseNewTask
                0x0000000008002a60      0x10e Middlewares/Third_Party/FreeRTOS/Source/tasks.o
 *fill*         0x0000000008002b6e        0x2 
 .text.prvAddNewTaskToReadyList
                0x0000000008002b70       0xd4 Middlewares/Third_Party/FreeRTOS/Source/tasks.o
 .text.vTaskDelay
                0x0000000008002c44       0x68 Middlewares/Third_Party/FreeRTOS/Source/tasks.o
                0x0000000008002c44                vTaskDelay
 .text.vTaskStartScheduler
                0x0000000008002cac       0xc0 Middlewares/Third_Party/FreeRTOS/Source/tasks.o
                0x0000000008002cac                vTaskStartScheduler
 .text.vTaskSuspendAll
                0x0000000008002d6c       0x1c Middlewares/Third_Party/FreeRTOS/Source/tasks.o
                0x0000000008002d6c                vTaskSuspendAll
 .text.xTaskResumeAll
                0x0000000008002d88      0x138 Middlewares/Third_Party/FreeRTOS/Source/tasks.o
                0x0000000008002d88                xTaskResumeAll
 .text.xTaskIncrementTick
                0x0000000008002ec0      0x170 Middlewares/Third_Party/FreeRTOS/Source/tasks.o
                0x0000000008002ec0                xTaskIncrementTick
 .text.vTaskSwitchContext
                0x0000000008003030       0xb8 Middlewares/Third_Party/FreeRTOS/Source/tasks.o
                0x0000000008003030                vTaskSwitchContext
 .text.vTaskPlaceOnEventList
                0x00000000080030e8       0x48 Middlewares/Third_Party/FreeRTOS/Source/tasks.o
                0x00000000080030e8                vTaskPlaceOnEventList
 .text.xTaskRemoveFromEventList
                0x0000000008003130       0xc4 Middlewares/Third_Party/FreeRTOS/Source/tasks.o
                0x0000000008003130                xTaskRemoveFromEventList
 .text.vTaskInternalSetTimeOutState
                0x00000000080031f4       0x2c Middlewares/Third_Party/FreeRTOS/Source/tasks.o
                0x00000000080031f4                vTaskInternalSetTimeOutState
 .text.xTaskCheckForTimeOut
                0x0000000008003220       0xc4 Middlewares/Third_Party/FreeRTOS/Source/tasks.o
                0x0000000008003220                xTaskCheckForTimeOut
 .text.vTaskMissedYield
                0x00000000080032e4       0x18 Middlewares/Third_Party/FreeRTOS/Source/tasks.o
                0x00000000080032e4                vTaskMissedYield
 .text.prvIdleTask
                0x00000000080032fc       0x30 Middlewares/Third_Party/FreeRTOS/Source/tasks.o
 .text.prvInitialiseTaskLists
                0x000000000800332c       0x80 Middlewares/Third_Party/FreeRTOS/Source/tasks.o
 .text.prvCheckTasksWaitingTermination
                0x00000000080033ac       0x5c Middlewares/Third_Party/FreeRTOS/Source/tasks.o
 .text.prvDeleteTCB
                0x0000000008003408       0x5e Middlewares/Third_Party/FreeRTOS/Source/tasks.o
 *fill*         0x0000000008003466        0x2 
 .text.prvResetNextTaskUnblockTime
                0x0000000008003468       0x40 Middlewares/Third_Party/FreeRTOS/Source/tasks.o
 .text.xTaskGetSchedulerState
                0x00000000080034a8       0x3c Middlewares/Third_Party/FreeRTOS/Source/tasks.o
                0x00000000080034a8                xTaskGetSchedulerState
 .text.xTaskPriorityDisinherit
                0x00000000080034e4      0x10c Middlewares/Third_Party/FreeRTOS/Source/tasks.o
                0x00000000080034e4                xTaskPriorityDisinherit
 .text.prvAddCurrentTaskToDelayedList
                0x00000000080035f0       0xcc Middlewares/Third_Party/FreeRTOS/Source/tasks.o
 .text.pxPortInitialiseStack
                0x00000000080036bc       0x68 Middlewares/Third_Party/FreeRTOS/Source/portable/GCC/ARM_CM4F/port.o
                0x00000000080036bc                pxPortInitialiseStack
 .text.prvTaskExitError
                0x0000000008003724       0x58 Middlewares/Third_Party/FreeRTOS/Source/portable/GCC/ARM_CM4F/port.o
 *fill*         0x000000000800377c        0x4 
 .text.SVC_Handler
                0x0000000008003780       0x28 Middlewares/Third_Party/FreeRTOS/Source/portable/GCC/ARM_CM4F/port.o
                0x0000000008003780                SVC_Handler
 .text.prvPortStartFirstTask
                0x00000000080037a8       0x28 Middlewares/Third_Party/FreeRTOS/Source/portable/GCC/ARM_CM4F/port.o
 .text.xPortStartScheduler
                0x00000000080037d0      0x144 Middlewares/Third_Party/FreeRTOS/Source/portable/GCC/ARM_CM4F/port.o
                0x00000000080037d0                xPortStartScheduler
 .text.vPortEnterCritical
                0x0000000008003914       0x60 Middlewares/Third_Party/FreeRTOS/Source/portable/GCC/ARM_CM4F/port.o
                0x0000000008003914                vPortEnterCritical
 .text.vPortExitCritical
                0x0000000008003974       0x54 Middlewares/Third_Party/FreeRTOS/Source/portable/GCC/ARM_CM4F/port.o
                0x0000000008003974                vPortExitCritical
 *fill*         0x00000000080039c8        0x8 
 .text.PendSV_Handler
                0x00000000080039d0       0x68 Middlewares/Third_Party/FreeRTOS/Source/portable/GCC/ARM_CM4F/port.o
                0x00000000080039d0                PendSV_Handler
 .text.xPortSysTickHandler
                0x0000000008003a38       0x44 Middlewares/Third_Party/FreeRTOS/Source/portable/GCC/ARM_CM4F/port.o
                0x0000000008003a38                xPortSysTickHandler
 .text.vPortSetupTimerInterrupt
                0x0000000008003a7c       0x48 Middlewares/Third_Party/FreeRTOS/Source/portable/GCC/ARM_CM4F/port.o
                0x0000000008003a7c                vPortSetupTimerInterrupt
 .text.vPortEnableVFP
                0x0000000008003ac4       0x14 Middlewares/Third_Party/FreeRTOS/Source/portable/GCC/ARM_CM4F/port.o
 .text.pvPortMalloc
                0x0000000008003ad8      0x198 Middlewares/Third_Party/FreeRTOS/Source/portable/MemMang/heap_4.o
                0x0000000008003ad8                pvPortMalloc
 .text.vPortFree
                0x0000000008003c70       0xc4 Middlewares/Third_Party/FreeRTOS/Source/portable/MemMang/heap_4.o
                0x0000000008003c70                vPortFree
 .text.prvHeapInit
                0x0000000008003d34       0xc4 Middlewares/Third_Party/FreeRTOS/Source/portable/MemMang/heap_4.o
 .text.prvInsertBlockIntoFreeList
                0x0000000008003df8       0xb4 Middlewares/Third_Party/FreeRTOS/Source/portable/MemMang/heap_4.o
 .text.__errno  0x0000000008003eac        0xc c:/st/stm32cubeide_1.6.0/stm32cubeide/plugins/com.st.stm32cube.ide.mcu.externaltools.gnu-tools-for-stm32.9-2020-q2-update.win32_1.5.0.202011040924/tools/bin/../lib/gcc/arm-none-eabi/9.3.1/../../../../arm-none-eabi/lib/thumb/v7e-m+fp/hard\libc_nano.a(lib_a-errno.o)
                0x0000000008003eac                __errno
 .text.__libc_init_array
                0x0000000008003eb8       0x48 c:/st/stm32cubeide_1.6.0/stm32cubeide/plugins/com.st.stm32cube.ide.mcu.externaltools.gnu-tools-for-stm32.9-2020-q2-update.win32_1.5.0.202011040924/tools/bin/../lib/gcc/arm-none-eabi/9.3.1/../../../../arm-none-eabi/lib/thumb/v7e-m+fp/hard\libc_nano.a(lib_a-init.o)
                0x0000000008003eb8                __libc_init_array
 .text.memcpy   0x0000000008003f00       0x1c c:/st/stm32cubeide_1.6.0/stm32cubeide/plugins/com.st.stm32cube.ide.mcu.externaltools.gnu-tools-for-stm32.9-2020-q2-update.win32_1.5.0.202011040924/tools/bin/../lib/gcc/arm-none-eabi/9.3.1/../../../../arm-none-eabi/lib/thumb/v7e-m+fp/hard\libc_nano.a(lib_a-memcpy-stub.o)
                0x0000000008003f00                memcpy
 .text.memset   0x0000000008003f1c       0x10 c:/st/stm32cubeide_1.6.0/stm32cubeide/plugins/com.st.stm32cube.ide.mcu.externaltools.gnu-tools-for-stm32.9-2020-q2-update.win32_1.5.0.202011040924/tools/bin/../lib/gcc/arm-none-eabi/9.3.1/../../../../arm-none-eabi/lib/thumb/v7e-m+fp/hard\libc_nano.a(lib_a-memset.o)
                0x0000000008003f1c                memset
 .text.sprintf  0x0000000008003f2c       0x40 c:/st/stm32cubeide_1.6.0/stm32cubeide/plugins/com.st.stm32cube.ide.mcu.externaltools.gnu-tools-for-stm32.9-2020-q2-update.win32_1.5.0.202011040924/tools/bin/../lib/gcc/arm-none-eabi/9.3.1/../../../../arm-none-eabi/lib/thumb/v7e-m+fp/hard\libc_nano.a(lib_a-sprintf.o)
                0x0000000008003f2c                siprintf
                0x0000000008003f2c                sprintf
 .text.__ssputs_r
                0x0000000008003f6c       0xb6 c:/st/stm32cubeide_1.6.0/stm32cubeide/plugins/com.st.stm32cube.ide.mcu.externaltools.gnu-tools-for-stm32.9-2020-q2-update.win32_1.5.0.202011040924/tools/bin/../lib/gcc/arm-none-eabi/9.3.1/../../../../arm-none-eabi/lib/thumb/v7e-m+fp/hard\libc_nano.a(lib_a-nano-svfprintf.o)
                0x0000000008003f6c                __ssputs_r
 *fill*         0x0000000008004022        0x2 
 .text._svfprintf_r
                0x0000000008004024      0x200 c:/st/stm32cubeide_1.6.0/stm32cubeide/plugins/com.st.stm32cube.ide.mcu.externaltools.gnu-tools-for-stm32.9-2020-q2-update.win32_1.5.0.202011040924/tools/bin/../lib/gcc/arm-none-eabi/9.3.1/../../../../arm-none-eabi/lib/thumb/v7e-m+fp/hard\libc_nano.a(lib_a-nano-svfprintf.o)
                0x0000000008004024                _svfiprintf_r
                0x0000000008004024                _svfprintf_r
 .text._printf_common
                0x0000000008004224       0xda c:/st/stm32cubeide_1.6.0/stm32cubeide/plugins/com.st.stm32cube.ide.mcu.externaltools.gnu-tools-for-stm32.9-2020-q2-update.win32_1.5.0.202011040924/tools/bin/../lib/gcc/arm-none-eabi/9.3.1/../../../../arm-none-eabi/lib/thumb/v7e-m+fp/hard\libc_nano.a(lib_a-nano-vfprintf_i.o)
                0x0000000008004224                _printf_common
 *fill*         0x00000000080042fe        0x2 
 .text._printf_i
                0x0000000008004300      0x24c c:/st/stm32cubeide_1.6.0/stm32cubeide/plugins/com.st.stm32cube.ide.mcu.externaltools.gnu-tools-for-stm32.9-2020-q2-update.win32_1.5.0.202011040924/tools/bin/../lib/gcc/arm-none-eabi/9.3.1/../../../../arm-none-eabi/lib/thumb/v7e-m+fp/hard\libc_nano.a(lib_a-nano-vfprintf_i.o)
                0x0000000008004300                _printf_i
 .text.memmove  0x000000000800454c       0x34 c:/st/stm32cubeide_1.6.0/stm32cubeide/plugins/com.st.stm32cube.ide.mcu.externaltools.gnu-tools-for-stm32.9-2020-q2-update.win32_1.5.0.202011040924/tools/bin/../lib/gcc/arm-none-eabi/9.3.1/../../../../arm-none-eabi/lib/thumb/v7e-m+fp/hard\libc_nano.a(lib_a-memmove.o)
                0x000000000800454c                memmove
 .text._free_r  0x0000000008004580       0xa0 c:/st/stm32cubeide_1.6.0/stm32cubeide/plugins/com.st.stm32cube.ide.mcu.externaltools.gnu-tools-for-stm32.9-2020-q2-update.win32_1.5.0.202011040924/tools/bin/../lib/gcc/arm-none-eabi/9.3.1/../../../../arm-none-eabi/lib/thumb/v7e-m+fp/hard\libc_nano.a(lib_a-nano-freer.o)
                0x0000000008004580                _free_r
 .text._malloc_r
                0x0000000008004620       0xb4 c:/st/stm32cubeide_1.6.0/stm32cubeide/plugins/com.st.stm32cube.ide.mcu.externaltools.gnu-tools-for-stm32.9-2020-q2-update.win32_1.5.0.202011040924/tools/bin/../lib/gcc/arm-none-eabi/9.3.1/../../../../arm-none-eabi/lib/thumb/v7e-m+fp/hard\libc_nano.a(lib_a-nano-mallocr.o)
                0x0000000008004620                _malloc_r
 .text._realloc_r
                0x00000000080046d4       0x4c c:/st/stm32cubeide_1.6.0/stm32cubeide/plugins/com.st.stm32cube.ide.mcu.externaltools.gnu-tools-for-stm32.9-2020-q2-update.win32_1.5.0.202011040924/tools/bin/../lib/gcc/arm-none-eabi/9.3.1/../../../../arm-none-eabi/lib/thumb/v7e-m+fp/hard\libc_nano.a(lib_a-nano-reallocr.o)
                0x00000000080046d4                _realloc_r
 .text._sbrk_r  0x0000000008004720       0x20 c:/st/stm32cubeide_1.6.0/stm32cubeide/plugins/com.st.stm32cube.ide.mcu.externaltools.gnu-tools-for-stm32.9-2020-q2-update.win32_1.5.0.202011040924/tools/bin/../lib/gcc/arm-none-eabi/9.3.1/../../../../arm-none-eabi/lib/thumb/v7e-m+fp/hard\libc_nano.a(lib_a-sbrkr.o)
                0x0000000008004720                _sbrk_r
 .text.__malloc_lock
                0x0000000008004740        0xc c:/st/stm32cubeide_1.6.0/stm32cubeide/plugins/com.st.stm32cube.ide.mcu.externaltools.gnu-tools-for-stm32.9-2020-q2-update.win32_1.5.0.202011040924/tools/bin/../lib/gcc/arm-none-eabi/9.3.1/../../../../arm-none-eabi/lib/thumb/v7e-m+fp/hard\libc_nano.a(lib_a-mlock.o)
                0x0000000008004740                __malloc_lock
 .text.__malloc_unlock
                0x000000000800474c        0xc c:/st/stm32cubeide_1.6.0/stm32cubeide/plugins/com.st.stm32cube.ide.mcu.externaltools.gnu-tools-for-stm32.9-2020-q2-update.win32_1.5.0.202011040924/tools/bin/../lib/gcc/arm-none-eabi/9.3.1/../../../../arm-none-eabi/lib/thumb/v7e-m+fp/hard\libc_nano.a(lib_a-mlock.o)
                0x000000000800474c                __malloc_unlock
 .text._malloc_usable_size_r
                0x0000000008004758       0x10 c:/st/stm32cubeide_1.6.0/stm32cubeide/plugins/com.st.stm32cube.ide.mcu.externaltools.gnu-tools-for-stm32.9-2020-q2-update.win32_1.5.0.202011040924/tools/bin/../lib/gcc/arm-none-eabi/9.3.1/../../../../arm-none-eabi/lib/thumb/v7e-m+fp/hard\libc_nano.a(lib_a-nano-msizer.o)
                0x0000000008004758                _malloc_usable_size_r
 .text.__retarget_lock_acquire_recursive
                0x0000000008004768        0x2 c:/st/stm32cubeide_1.6.0/stm32cubeide/plugins/com.st.stm32cube.ide.mcu.externaltools.gnu-tools-for-stm32.9-2020-q2-update.win32_1.5.0.202011040924/tools/bin/../lib/gcc/arm-none-eabi/9.3.1/../../../../arm-none-eabi/lib/thumb/v7e-m+fp/hard\libc_nano.a(lib_a-lock.o)
                0x0000000008004768                __retarget_lock_acquire_recursive
 .text.__retarget_lock_release_recursive
                0x000000000800476a        0x2 c:/st/stm32cubeide_1.6.0/stm32cubeide/plugins/com.st.stm32cube.ide.mcu.externaltools.gnu-tools-for-stm32.9-2020-q2-update.win32_1.5.0.202011040924/tools/bin/../lib/gcc/arm-none-eabi/9.3.1/../../../../arm-none-eabi/lib/thumb/v7e-m+fp/hard\libc_nano.a(lib_a-lock.o)
                0x000000000800476a                __retarget_lock_release_recursive
 *(.glue_7)
 .glue_7        0x000000000800476c        0x0 linker stubs
 *(.glue_7t)
 .glue_7t       0x000000000800476c        0x0 linker stubs
 *(.eh_frame)
 .eh_frame      0x000000000800476c        0x0 c:/st/stm32cubeide_1.6.0/stm32cubeide/plugins/com.st.stm32cube.ide.mcu.externaltools.gnu-tools-for-stm32.9-2020-q2-update.win32_1.5.0.202011040924/tools/bin/../lib/gcc/arm-none-eabi/9.3.1/thumb/v7e-m+fp/hard/crtbegin.o
 *(.init)
 .init          0x000000000800476c        0x4 c:/st/stm32cubeide_1.6.0/stm32cubeide/plugins/com.st.stm32cube.ide.mcu.externaltools.gnu-tools-for-stm32.9-2020-q2-update.win32_1.5.0.202011040924/tools/bin/../lib/gcc/arm-none-eabi/9.3.1/thumb/v7e-m+fp/hard/crti.o
                0x000000000800476c                _init
 .init          0x0000000008004770        0x8 c:/st/stm32cubeide_1.6.0/stm32cubeide/plugins/com.st.stm32cube.ide.mcu.externaltools.gnu-tools-for-stm32.9-2020-q2-update.win32_1.5.0.202011040924/tools/bin/../lib/gcc/arm-none-eabi/9.3.1/thumb/v7e-m+fp/hard/crtn.o
 *(.fini)
 .fini          0x0000000008004778        0x4 c:/st/stm32cubeide_1.6.0/stm32cubeide/plugins/com.st.stm32cube.ide.mcu.externaltools.gnu-tools-for-stm32.9-2020-q2-update.win32_1.5.0.202011040924/tools/bin/../lib/gcc/arm-none-eabi/9.3.1/thumb/v7e-m+fp/hard/crti.o
                0x0000000008004778                _fini
 .fini          0x000000000800477c        0x8 c:/st/stm32cubeide_1.6.0/stm32cubeide/plugins/com.st.stm32cube.ide.mcu.externaltools.gnu-tools-for-stm32.9-2020-q2-update.win32_1.5.0.202011040924/tools/bin/../lib/gcc/arm-none-eabi/9.3.1/thumb/v7e-m+fp/hard/crtn.o
                0x0000000008004784                . = ALIGN (0x4)
                0x0000000008004784                _etext = .

.vfp11_veneer   0x0000000008004784        0x0
 .vfp11_veneer  0x0000000008004784        0x0 linker stubs

.v4_bx          0x0000000008004784        0x0
 .v4_bx         0x0000000008004784        0x0 linker stubs

.iplt           0x0000000008004784        0x0
 .iplt          0x0000000008004784        0x0 c:/st/stm32cubeide_1.6.0/stm32cubeide/plugins/com.st.stm32cube.ide.mcu.externaltools.gnu-tools-for-stm32.9-2020-q2-update.win32_1.5.0.202011040924/tools/bin/../lib/gcc/arm-none-eabi/9.3.1/thumb/v7e-m+fp/hard/crtbegin.o

.rodata         0x0000000008004784      0x23c
                0x0000000008004784                . = ALIGN (0x4)
 *(.rodata)
 .rodata        0x0000000008004784      0x1e8 Core/Src/main.o
 .rodata        0x000000000800496c        0x5 Middlewares/Third_Party/FreeRTOS/Source/tasks.o
 *(.rodata*)
 *fill*         0x0000000008004971        0x3 
 .rodata.AHBPrescTable
                0x0000000008004974       0x10 Core/Src/system_stm32f4xx.o
                0x0000000008004974                AHBPrescTable
 .rodata.APBPrescTable
                0x0000000008004984        0x8 Core/Src/system_stm32f4xx.o
                0x0000000008004984                APBPrescTable
 .rodata._svfprintf_r.str1.1
                0x000000000800498c       0x11 c:/st/stm32cubeide_1.6.0/stm32cubeide/plugins/com.st.stm32cube.ide.mcu.externaltools.gnu-tools-for-stm32.9-2020-q2-update.win32_1.5.0.202011040924/tools/bin/../lib/gcc/arm-none-eabi/9.3.1/../../../../arm-none-eabi/lib/thumb/v7e-m+fp/hard\libc_nano.a(lib_a-nano-svfprintf.o)
 .rodata._printf_i.str1.1
                0x000000000800499d       0x22 c:/st/stm32cubeide_1.6.0/stm32cubeide/plugins/com.st.stm32cube.ide.mcu.externaltools.gnu-tools-for-stm32.9-2020-q2-update.win32_1.5.0.202011040924/tools/bin/../lib/gcc/arm-none-eabi/9.3.1/../../../../arm-none-eabi/lib/thumb/v7e-m+fp/hard\libc_nano.a(lib_a-nano-vfprintf_i.o)
                0x00000000080049c0                . = ALIGN (0x4)
 *fill*         0x00000000080049bf        0x1 

.ARM.extab      0x00000000080049c0        0x0
                0x00000000080049c0                . = ALIGN (0x4)
 *(.ARM.extab* .gnu.linkonce.armextab.*)
                0x00000000080049c0                . = ALIGN (0x4)

.ARM            0x00000000080049c0        0x8
                0x00000000080049c0                . = ALIGN (0x4)
                0x00000000080049c0                __exidx_start = .
 *(.ARM.exidx*)
 .ARM.exidx     0x00000000080049c0        0x8 c:/st/stm32cubeide_1.6.0/stm32cubeide/plugins/com.st.stm32cube.ide.mcu.externaltools.gnu-tools-for-stm32.9-2020-q2-update.win32_1.5.0.202011040924/tools/bin/../lib/gcc/arm-none-eabi/9.3.1/thumb/v7e-m+fp/hard\libgcc.a(_udivmoddi4.o)
                0x00000000080049c8                __exidx_end = .
                0x00000000080049c8                . = ALIGN (0x4)

.rel.dyn        0x00000000080049c8        0x0
 .rel.iplt      0x00000000080049c8        0x0 c:/st/stm32cubeide_1.6.0/stm32cubeide/plugins/com.st.stm32cube.ide.mcu.externaltools.gnu-tools-for-stm32.9-2020-q2-update.win32_1.5.0.202011040924/tools/bin/../lib/gcc/arm-none-eabi/9.3.1/thumb/v7e-m+fp/hard/crtbegin.o

.preinit_array  0x00000000080049c8        0x0
                0x00000000080049c8                . = ALIGN (0x4)
                0x00000000080049c8                PROVIDE (__preinit_array_start = .)
 *(.preinit_array*)
                0x00000000080049c8                PROVIDE (__preinit_array_end = .)
                0x00000000080049c8                . = ALIGN (0x4)

.init_array     0x00000000080049c8        0x4
                0x00000000080049c8                . = ALIGN (0x4)
                0x00000000080049c8                PROVIDE (__init_array_start = .)
 *(SORT_BY_NAME(.init_array.*))
 *(.init_array*)
 .init_array    0x00000000080049c8        0x4 c:/st/stm32cubeide_1.6.0/stm32cubeide/plugins/com.st.stm32cube.ide.mcu.externaltools.gnu-tools-for-stm32.9-2020-q2-update.win32_1.5.0.202011040924/tools/bin/../lib/gcc/arm-none-eabi/9.3.1/thumb/v7e-m+fp/hard/crtbegin.o
                0x00000000080049cc                PROVIDE (__init_array_end = .)
                0x00000000080049cc                . = ALIGN (0x4)

.fini_array     0x00000000080049cc        0x4
                0x00000000080049cc                . = ALIGN (0x4)
                [!provide]                        PROVIDE (__fini_array_start = .)
 *(SORT_BY_NAME(.fini_array.*))
 *(.fini_array*)
 .fini_array    0x00000000080049cc        0x4 c:/st/stm32cubeide_1.6.0/stm32cubeide/plugins/com.st.stm32cube.ide.mcu.externaltools.gnu-tools-for-stm32.9-2020-q2-update.win32_1.5.0.202011040924/tools/bin/../lib/gcc/arm-none-eabi/9.3.1/thumb/v7e-m+fp/hard/crtbegin.o
                [!provide]                        PROVIDE (__fini_array_end = .)
                0x00000000080049d0                . = ALIGN (0x4)
                0x00000000080049d0                _sidata = LOADADDR (.data)

.data           0x0000000020000000       0x74 load address 0x00000000080049d0
                0x0000000020000000                . = ALIGN (0x4)
                0x0000000020000000                _sdata = .
 *(.data)
 *(.data*)
 .data.SystemCoreClock
                0x0000000020000000        0x4 Core/Src/system_stm32f4xx.o
                0x0000000020000000                SystemCoreClock
 .data.uwTickPrio
                0x0000000020000004        0x4 Drivers/STM32F4xx_HAL_Driver/Src/stm32f4xx_hal.o
                0x0000000020000004                uwTickPrio
 .data.uwTickFreq
                0x0000000020000008        0x1 Drivers/STM32F4xx_HAL_Driver/Src/stm32f4xx_hal.o
                0x0000000020000008                uwTickFreq
 *fill*         0x0000000020000009        0x3 
 .data.uxCriticalNesting
                0x000000002000000c        0x4 Middlewares/Third_Party/FreeRTOS/Source/portable/GCC/ARM_CM4F/port.o
 .data._impure_ptr
                0x0000000020000010        0x4 c:/st/stm32cubeide_1.6.0/stm32cubeide/plugins/com.st.stm32cube.ide.mcu.externaltools.gnu-tools-for-stm32.9-2020-q2-update.win32_1.5.0.202011040924/tools/bin/../lib/gcc/arm-none-eabi/9.3.1/../../../../arm-none-eabi/lib/thumb/v7e-m+fp/hard\libc_nano.a(lib_a-impure.o)
                0x0000000020000010                _impure_ptr
 .data.impure_data
                0x0000000020000014       0x60 c:/st/stm32cubeide_1.6.0/stm32cubeide/plugins/com.st.stm32cube.ide.mcu.externaltools.gnu-tools-for-stm32.9-2020-q2-update.win32_1.5.0.202011040924/tools/bin/../lib/gcc/arm-none-eabi/9.3.1/../../../../arm-none-eabi/lib/thumb/v7e-m+fp/hard\libc_nano.a(lib_a-impure.o)
 *(.RamFunc)
 *(.RamFunc*)
                0x0000000020000074                . = ALIGN (0x4)
                0x0000000020000074                _edata = .

.igot.plt       0x0000000020000074        0x0 load address 0x0000000008004a44
 .igot.plt      0x0000000020000074        0x0 c:/st/stm32cubeide_1.6.0/stm32cubeide/plugins/com.st.stm32cube.ide.mcu.externaltools.gnu-tools-for-stm32.9-2020-q2-update.win32_1.5.0.202011040924/tools/bin/../lib/gcc/arm-none-eabi/9.3.1/thumb/v7e-m+fp/hard/crtbegin.o
                0x0000000020000074                . = ALIGN (0x4)

.bss            0x0000000020000074     0x4038 load address 0x0000000008004a44
                0x0000000020000074                _sbss = .
                0x0000000020000074                __bss_start__ = _sbss
 *(.bss)
 .bss           0x0000000020000074       0x1c c:/st/stm32cubeide_1.6.0/stm32cubeide/plugins/com.st.stm32cube.ide.mcu.externaltools.gnu-tools-for-stm32.9-2020-q2-update.win32_1.5.0.202011040924/tools/bin/../lib/gcc/arm-none-eabi/9.3.1/thumb/v7e-m+fp/hard/crtbegin.o
 *(.bss*)
 .bss.xIdleTaskTCBBuffer
                0x0000000020000090       0x54 Core/Src/freertos.o
 .bss.xIdleStack
                0x00000000200000e4      0x200 Core/Src/freertos.o
 .bss.__sbrk_heap_end
                0x00000000200002e4        0x4 Core/Src/sysmem.o
 .bss.pxCurrentTCB
                0x00000000200002e8        0x4 Middlewares/Third_Party/FreeRTOS/Source/tasks.o
                0x00000000200002e8                pxCurrentTCB
 .bss.pxReadyTasksLists
                0x00000000200002ec       0x8c Middlewares/Third_Party/FreeRTOS/Source/tasks.o
 .bss.xDelayedTaskList1
                0x0000000020000378       0x14 Middlewares/Third_Party/FreeRTOS/Source/tasks.o
 .bss.xDelayedTaskList2
                0x000000002000038c       0x14 Middlewares/Third_Party/FreeRTOS/Source/tasks.o
 .bss.pxDelayedTaskList
                0x00000000200003a0        0x4 Middlewares/Third_Party/FreeRTOS/Source/tasks.o
 .bss.pxOverflowDelayedTaskList
                0x00000000200003a4        0x4 Middlewares/Third_Party/FreeRTOS/Source/tasks.o
 .bss.xPendingReadyList
                0x00000000200003a8       0x14 Middlewares/Third_Party/FreeRTOS/Source/tasks.o
 .bss.xTasksWaitingTermination
                0x00000000200003bc       0x14 Middlewares/Third_Party/FreeRTOS/Source/tasks.o
 .bss.uxDeletedTasksWaitingCleanUp
                0x00000000200003d0        0x4 Middlewares/Third_Party/FreeRTOS/Source/tasks.o
 .bss.xSuspendedTaskList
                0x00000000200003d4       0x14 Middlewares/Third_Party/FreeRTOS/Source/tasks.o
 .bss.uxCurrentNumberOfTasks
                0x00000000200003e8        0x4 Middlewares/Third_Party/FreeRTOS/Source/tasks.o
 .bss.xTickCount
                0x00000000200003ec        0x4 Middlewares/Third_Party/FreeRTOS/Source/tasks.o
 .bss.uxTopReadyPriority
                0x00000000200003f0        0x4 Middlewares/Third_Party/FreeRTOS/Source/tasks.o
 .bss.xSchedulerRunning
                0x00000000200003f4        0x4 Middlewares/Third_Party/FreeRTOS/Source/tasks.o
 .bss.xPendedTicks
                0x00000000200003f8        0x4 Middlewares/Third_Party/FreeRTOS/Source/tasks.o
 .bss.xYieldPending
                0x00000000200003fc        0x4 Middlewares/Third_Party/FreeRTOS/Source/tasks.o
 .bss.xNumOfOverflows
                0x0000000020000400        0x4 Middlewares/Third_Party/FreeRTOS/Source/tasks.o
 .bss.uxTaskNumber
                0x0000000020000404        0x4 Middlewares/Third_Party/FreeRTOS/Source/tasks.o
 .bss.xNextTaskUnblockTime
                0x0000000020000408        0x4 Middlewares/Third_Party/FreeRTOS/Source/tasks.o
 .bss.xIdleTaskHandle
                0x000000002000040c        0x4 Middlewares/Third_Party/FreeRTOS/Source/tasks.o
 .bss.uxSchedulerSuspended
                0x0000000020000410        0x4 Middlewares/Third_Party/FreeRTOS/Source/tasks.o
 .bss.ucMaxSysCallPriority
                0x0000000020000414        0x1 Middlewares/Third_Party/FreeRTOS/Source/portable/GCC/ARM_CM4F/port.o
 *fill*         0x0000000020000415        0x3 
 .bss.ulMaxPRIGROUPValue
                0x0000000020000418        0x4 Middlewares/Third_Party/FreeRTOS/Source/portable/GCC/ARM_CM4F/port.o
 .bss.ucHeap    0x000000002000041c     0x3c00 Middlewares/Third_Party/FreeRTOS/Source/portable/MemMang/heap_4.o
 .bss.xStart    0x000000002000401c        0x8 Middlewares/Third_Party/FreeRTOS/Source/portable/MemMang/heap_4.o
 .bss.pxEnd     0x0000000020004024        0x4 Middlewares/Third_Party/FreeRTOS/Source/portable/MemMang/heap_4.o
 .bss.xFreeBytesRemaining
                0x0000000020004028        0x4 Middlewares/Third_Party/FreeRTOS/Source/portable/MemMang/heap_4.o
 .bss.xMinimumEverFreeBytesRemaining
                0x000000002000402c        0x4 Middlewares/Third_Party/FreeRTOS/Source/portable/MemMang/heap_4.o
 .bss.xNumberOfSuccessfulAllocations
                0x0000000020004030        0x4 Middlewares/Third_Party/FreeRTOS/Source/portable/MemMang/heap_4.o
 .bss.xNumberOfSuccessfulFrees
                0x0000000020004034        0x4 Middlewares/Third_Party/FreeRTOS/Source/portable/MemMang/heap_4.o
 .bss.xBlockAllocatedBit
                0x0000000020004038        0x4 Middlewares/Third_Party/FreeRTOS/Source/portable/MemMang/heap_4.o
 .bss.__malloc_free_list
                0x000000002000403c        0x4 c:/st/stm32cubeide_1.6.0/stm32cubeide/plugins/com.st.stm32cube.ide.mcu.externaltools.gnu-tools-for-stm32.9-2020-q2-update.win32_1.5.0.202011040924/tools/bin/../lib/gcc/arm-none-eabi/9.3.1/../../../../arm-none-eabi/lib/thumb/v7e-m+fp/hard\libc_nano.a(lib_a-nano-mallocr.o)
                0x000000002000403c                __malloc_free_list
 .bss.__malloc_sbrk_start
                0x0000000020004040        0x4 c:/st/stm32cubeide_1.6.0/stm32cubeide/plugins/com.st.stm32cube.ide.mcu.externaltools.gnu-tools-for-stm32.9-2020-q2-update.win32_1.5.0.202011040924/tools/bin/../lib/gcc/arm-none-eabi/9.3.1/../../../../arm-none-eabi/lib/thumb/v7e-m+fp/hard\libc_nano.a(lib_a-nano-mallocr.o)
                0x0000000020004040                __malloc_sbrk_start
 *(COMMON)
 COMMON         0x0000000020004044       0x54 Core/Src/main.o
                0x0000000020004044                ReceiverTaskHandle
                0x0000000020004048                Task1_Handle
                0x000000002000404c                simpleQueue
                0x0000000020004050                Task2_Handle
                0x0000000020004054                huart2
 COMMON         0x0000000020004098        0x4 Drivers/STM32F4xx_HAL_Driver/Src/stm32f4xx_hal.o
                0x0000000020004098                uwTick
 COMMON         0x000000002000409c        0x4 c:/st/stm32cubeide_1.6.0/stm32cubeide/plugins/com.st.stm32cube.ide.mcu.externaltools.gnu-tools-for-stm32.9-2020-q2-update.win32_1.5.0.202011040924/tools/bin/../lib/gcc/arm-none-eabi/9.3.1/../../../../arm-none-eabi/lib/thumb/v7e-m+fp/hard\libc_nano.a(lib_a-reent.o)
                0x000000002000409c                errno
 COMMON         0x00000000200040a0        0x9 c:/st/stm32cubeide_1.6.0/stm32cubeide/plugins/com.st.stm32cube.ide.mcu.externaltools.gnu-tools-for-stm32.9-2020-q2-update.win32_1.5.0.202011040924/tools/bin/../lib/gcc/arm-none-eabi/9.3.1/../../../../arm-none-eabi/lib/thumb/v7e-m+fp/hard\libc_nano.a(lib_a-lock.o)
                0x00000000200040a0                __lock___atexit_recursive_mutex
                0x00000000200040a1                __lock___arc4random_mutex
                0x00000000200040a2                __lock___env_recursive_mutex
                0x00000000200040a3                __lock___sinit_recursive_mutex
                0x00000000200040a4                __lock___malloc_recursive_mutex
                0x00000000200040a5                __lock___at_quick_exit_mutex
                0x00000000200040a6                __lock___dd_hash_mutex
                0x00000000200040a7                __lock___tz_mutex
                0x00000000200040a8                __lock___sfp_recursive_mutex
                0x00000000200040ac                . = ALIGN (0x4)
 *fill*         0x00000000200040a9        0x3 
                0x00000000200040ac                _ebss = .
                0x00000000200040ac                __bss_end__ = _ebss

._user_heap_stack
                0x00000000200040ac      0x604 load address 0x0000000008004a44
                0x00000000200040b0                . = ALIGN (0x8)
 *fill*         0x00000000200040ac        0x4 
                [!provide]                        PROVIDE (end = .)
                0x00000000200040b0                PROVIDE (_end = .)
                0x00000000200042b0                . = (. + _Min_Heap_Size)
 *fill*         0x00000000200040b0      0x200 
                0x00000000200046b0                . = (. + _Min_Stack_Size)
 *fill*         0x00000000200042b0      0x400 
                0x00000000200046b0                . = ALIGN (0x8)

/DISCARD/
 libc.a(*)
 libm.a(*)
 libgcc.a(*)

.ARM.attributes
                0x0000000000000000       0x30
 *(.ARM.attributes)
 .ARM.attributes
                0x0000000000000000       0x1e c:/st/stm32cubeide_1.6.0/stm32cubeide/plugins/com.st.stm32cube.ide.mcu.externaltools.gnu-tools-for-stm32.9-2020-q2-update.win32_1.5.0.202011040924/tools/bin/../lib/gcc/arm-none-eabi/9.3.1/thumb/v7e-m+fp/hard/crti.o
 .ARM.attributes
                0x000000000000001e       0x34 c:/st/stm32cubeide_1.6.0/stm32cubeide/plugins/com.st.stm32cube.ide.mcu.externaltools.gnu-tools-for-stm32.9-2020-q2-update.win32_1.5.0.202011040924/tools/bin/../lib/gcc/arm-none-eabi/9.3.1/thumb/v7e-m+fp/hard/crtbegin.o
 .ARM.attributes
                0x0000000000000052       0x34 Core/Src/freertos.o
 .ARM.attributes
                0x0000000000000086       0x34 Core/Src/main.o
 .ARM.attributes
                0x00000000000000ba       0x34 Core/Src/stm32f4xx_hal_msp.o
 .ARM.attributes
                0x00000000000000ee       0x34 Core/Src/stm32f4xx_it.o
 .ARM.attributes
                0x0000000000000122       0x34 Core/Src/sysmem.o
 .ARM.attributes
                0x0000000000000156       0x34 Core/Src/system_stm32f4xx.o
 .ARM.attributes
                0x000000000000018a       0x21 Core/Startup/startup_stm32f407vgtx.o
 .ARM.attributes
                0x00000000000001ab       0x34 Drivers/STM32F4xx_HAL_Driver/Src/stm32f4xx_hal.o
 .ARM.attributes
                0x00000000000001df       0x34 Drivers/STM32F4xx_HAL_Driver/Src/stm32f4xx_hal_cortex.o
 .ARM.attributes
                0x0000000000000213       0x34 Drivers/STM32F4xx_HAL_Driver/Src/stm32f4xx_hal_gpio.o
 .ARM.attributes
                0x0000000000000247       0x34 Drivers/STM32F4xx_HAL_Driver/Src/stm32f4xx_hal_rcc.o
 .ARM.attributes
                0x000000000000027b       0x34 Drivers/STM32F4xx_HAL_Driver/Src/stm32f4xx_hal_uart.o
 .ARM.attributes
                0x00000000000002af       0x34 Middlewares/Third_Party/FreeRTOS/Source/list.o
 .ARM.attributes
                0x00000000000002e3       0x34 Middlewares/Third_Party/FreeRTOS/Source/queue.o
 .ARM.attributes
                0x0000000000000317       0x34 Middlewares/Third_Party/FreeRTOS/Source/tasks.o
 .ARM.attributes
                0x000000000000034b       0x34 Middlewares/Third_Party/FreeRTOS/Source/portable/GCC/ARM_CM4F/port.o
 .ARM.attributes
                0x000000000000037f       0x34 Middlewares/Third_Party/FreeRTOS/Source/portable/MemMang/heap_4.o
 .ARM.attributes
                0x00000000000003b3       0x34 c:/st/stm32cubeide_1.6.0/stm32cubeide/plugins/com.st.stm32cube.ide.mcu.externaltools.gnu-tools-for-stm32.9-2020-q2-update.win32_1.5.0.202011040924/tools/bin/../lib/gcc/arm-none-eabi/9.3.1/../../../../arm-none-eabi/lib/thumb/v7e-m+fp/hard\libc_nano.a(lib_a-errno.o)
 .ARM.attributes
                0x00000000000003e7       0x32 c:/st/stm32cubeide_1.6.0/stm32cubeide/plugins/com.st.stm32cube.ide.mcu.externaltools.gnu-tools-for-stm32.9-2020-q2-update.win32_1.5.0.202011040924/tools/bin/../lib/gcc/arm-none-eabi/9.3.1/../../../../arm-none-eabi/lib/thumb/v7e-m+fp/hard\libc_nano.a(lib_a-impure.o)
 .ARM.attributes
                0x0000000000000419       0x34 c:/st/stm32cubeide_1.6.0/stm32cubeide/plugins/com.st.stm32cube.ide.mcu.externaltools.gnu-tools-for-stm32.9-2020-q2-update.win32_1.5.0.202011040924/tools/bin/../lib/gcc/arm-none-eabi/9.3.1/../../../../arm-none-eabi/lib/thumb/v7e-m+fp/hard\libc_nano.a(lib_a-init.o)
 .ARM.attributes
                0x000000000000044d       0x34 c:/st/stm32cubeide_1.6.0/stm32cubeide/plugins/com.st.stm32cube.ide.mcu.externaltools.gnu-tools-for-stm32.9-2020-q2-update.win32_1.5.0.202011040924/tools/bin/../lib/gcc/arm-none-eabi/9.3.1/../../../../arm-none-eabi/lib/thumb/v7e-m+fp/hard\libc_nano.a(lib_a-memcpy-stub.o)
 .ARM.attributes
                0x0000000000000481       0x34 c:/st/stm32cubeide_1.6.0/stm32cubeide/plugins/com.st.stm32cube.ide.mcu.externaltools.gnu-tools-for-stm32.9-2020-q2-update.win32_1.5.0.202011040924/tools/bin/../lib/gcc/arm-none-eabi/9.3.1/../../../../arm-none-eabi/lib/thumb/v7e-m+fp/hard\libc_nano.a(lib_a-memset.o)
 .ARM.attributes
                0x00000000000004b5       0x34 c:/st/stm32cubeide_1.6.0/stm32cubeide/plugins/com.st.stm32cube.ide.mcu.externaltools.gnu-tools-for-stm32.9-2020-q2-update.win32_1.5.0.202011040924/tools/bin/../lib/gcc/arm-none-eabi/9.3.1/../../../../arm-none-eabi/lib/thumb/v7e-m+fp/hard\libc_nano.a(lib_a-sprintf.o)
 .ARM.attributes
                0x00000000000004e9       0x17 c:/st/stm32cubeide_1.6.0/stm32cubeide/plugins/com.st.stm32cube.ide.mcu.externaltools.gnu-tools-for-stm32.9-2020-q2-update.win32_1.5.0.202011040924/tools/bin/../lib/gcc/arm-none-eabi/9.3.1/../../../../arm-none-eabi/lib/thumb/v7e-m+fp/hard\libc_nano.a(lib_a-strlen.o)
 .ARM.attributes
                0x0000000000000500       0x34 c:/st/stm32cubeide_1.6.0/stm32cubeide/plugins/com.st.stm32cube.ide.mcu.externaltools.gnu-tools-for-stm32.9-2020-q2-update.win32_1.5.0.202011040924/tools/bin/../lib/gcc/arm-none-eabi/9.3.1/../../../../arm-none-eabi/lib/thumb/v7e-m+fp/hard\libc_nano.a(lib_a-nano-svfprintf.o)
 .ARM.attributes
                0x0000000000000534       0x34 c:/st/stm32cubeide_1.6.0/stm32cubeide/plugins/com.st.stm32cube.ide.mcu.externaltools.gnu-tools-for-stm32.9-2020-q2-update.win32_1.5.0.202011040924/tools/bin/../lib/gcc/arm-none-eabi/9.3.1/../../../../arm-none-eabi/lib/thumb/v7e-m+fp/hard\libc_nano.a(lib_a-nano-vfprintf_i.o)
 .ARM.attributes
                0x0000000000000568       0x1c c:/st/stm32cubeide_1.6.0/stm32cubeide/plugins/com.st.stm32cube.ide.mcu.externaltools.gnu-tools-for-stm32.9-2020-q2-update.win32_1.5.0.202011040924/tools/bin/../lib/gcc/arm-none-eabi/9.3.1/../../../../arm-none-eabi/lib/thumb/v7e-m+fp/hard\libc_nano.a(lib_a-memchr.o)
 .ARM.attributes
                0x0000000000000584       0x34 c:/st/stm32cubeide_1.6.0/stm32cubeide/plugins/com.st.stm32cube.ide.mcu.externaltools.gnu-tools-for-stm32.9-2020-q2-update.win32_1.5.0.202011040924/tools/bin/../lib/gcc/arm-none-eabi/9.3.1/../../../../arm-none-eabi/lib/thumb/v7e-m+fp/hard\libc_nano.a(lib_a-memmove.o)
 .ARM.attributes
                0x00000000000005b8       0x34 c:/st/stm32cubeide_1.6.0/stm32cubeide/plugins/com.st.stm32cube.ide.mcu.externaltools.gnu-tools-for-stm32.9-2020-q2-update.win32_1.5.0.202011040924/tools/bin/../lib/gcc/arm-none-eabi/9.3.1/../../../../arm-none-eabi/lib/thumb/v7e-m+fp/hard\libc_nano.a(lib_a-nano-freer.o)
 .ARM.attributes
                0x00000000000005ec       0x34 c:/st/stm32cubeide_1.6.0/stm32cubeide/plugins/com.st.stm32cube.ide.mcu.externaltools.gnu-tools-for-stm32.9-2020-q2-update.win32_1.5.0.202011040924/tools/bin/../lib/gcc/arm-none-eabi/9.3.1/../../../../arm-none-eabi/lib/thumb/v7e-m+fp/hard\libc_nano.a(lib_a-nano-mallocr.o)
 .ARM.attributes
                0x0000000000000620       0x34 c:/st/stm32cubeide_1.6.0/stm32cubeide/plugins/com.st.stm32cube.ide.mcu.externaltools.gnu-tools-for-stm32.9-2020-q2-update.win32_1.5.0.202011040924/tools/bin/../lib/gcc/arm-none-eabi/9.3.1/../../../../arm-none-eabi/lib/thumb/v7e-m+fp/hard\libc_nano.a(lib_a-nano-reallocr.o)
 .ARM.attributes
                0x0000000000000654       0x34 c:/st/stm32cubeide_1.6.0/stm32cubeide/plugins/com.st.stm32cube.ide.mcu.externaltools.gnu-tools-for-stm32.9-2020-q2-update.win32_1.5.0.202011040924/tools/bin/../lib/gcc/arm-none-eabi/9.3.1/../../../../arm-none-eabi/lib/thumb/v7e-m+fp/hard\libc_nano.a(lib_a-sbrkr.o)
 .ARM.attributes
                0x0000000000000688       0x34 c:/st/stm32cubeide_1.6.0/stm32cubeide/plugins/com.st.stm32cube.ide.mcu.externaltools.gnu-tools-for-stm32.9-2020-q2-update.win32_1.5.0.202011040924/tools/bin/../lib/gcc/arm-none-eabi/9.3.1/../../../../arm-none-eabi/lib/thumb/v7e-m+fp/hard\libc_nano.a(lib_a-mlock.o)
 .ARM.attributes
                0x00000000000006bc       0x34 c:/st/stm32cubeide_1.6.0/stm32cubeide/plugins/com.st.stm32cube.ide.mcu.externaltools.gnu-tools-for-stm32.9-2020-q2-update.win32_1.5.0.202011040924/tools/bin/../lib/gcc/arm-none-eabi/9.3.1/../../../../arm-none-eabi/lib/thumb/v7e-m+fp/hard\libc_nano.a(lib_a-nano-msizer.o)
 .ARM.attributes
                0x00000000000006f0       0x34 c:/st/stm32cubeide_1.6.0/stm32cubeide/plugins/com.st.stm32cube.ide.mcu.externaltools.gnu-tools-for-stm32.9-2020-q2-update.win32_1.5.0.202011040924/tools/bin/../lib/gcc/arm-none-eabi/9.3.1/../../../../arm-none-eabi/lib/thumb/v7e-m+fp/hard\libc_nano.a(lib_a-reent.o)
 .ARM.attributes
                0x0000000000000724       0x34 c:/st/stm32cubeide_1.6.0/stm32cubeide/plugins/com.st.stm32cube.ide.mcu.externaltools.gnu-tools-for-stm32.9-2020-q2-update.win32_1.5.0.202011040924/tools/bin/../lib/gcc/arm-none-eabi/9.3.1/../../../../arm-none-eabi/lib/thumb/v7e-m+fp/hard\libc_nano.a(lib_a-lock.o)
 .ARM.attributes
                0x0000000000000758       0x1e c:/st/stm32cubeide_1.6.0/stm32cubeide/plugins/com.st.stm32cube.ide.mcu.externaltools.gnu-tools-for-stm32.9-2020-q2-update.win32_1.5.0.202011040924/tools/bin/../lib/gcc/arm-none-eabi/9.3.1/thumb/v7e-m+fp/hard\libgcc.a(_aeabi_uldivmod.o)
 .ARM.attributes
                0x0000000000000776       0x34 c:/st/stm32cubeide_1.6.0/stm32cubeide/plugins/com.st.stm32cube.ide.mcu.externaltools.gnu-tools-for-stm32.9-2020-q2-update.win32_1.5.0.202011040924/tools/bin/../lib/gcc/arm-none-eabi/9.3.1/thumb/v7e-m+fp/hard\libgcc.a(_udivmoddi4.o)
 .ARM.attributes
                0x00000000000007aa       0x1e c:/st/stm32cubeide_1.6.0/stm32cubeide/plugins/com.st.stm32cube.ide.mcu.externaltools.gnu-tools-for-stm32.9-2020-q2-update.win32_1.5.0.202011040924/tools/bin/../lib/gcc/arm-none-eabi/9.3.1/thumb/v7e-m+fp/hard\libgcc.a(_dvmd_tls.o)
 .ARM.attributes
                0x00000000000007c8       0x1e c:/st/stm32cubeide_1.6.0/stm32cubeide/plugins/com.st.stm32cube.ide.mcu.externaltools.gnu-tools-for-stm32.9-2020-q2-update.win32_1.5.0.202011040924/tools/bin/../lib/gcc/arm-none-eabi/9.3.1/thumb/v7e-m+fp/hard/crtn.o
OUTPUT(RTOS_010_QUEUE_01.elf elf32-littlearm)
LOAD linker stubs
LOAD c:/st/stm32cubeide_1.6.0/stm32cubeide/plugins/com.st.stm32cube.ide.mcu.externaltools.gnu-tools-for-stm32.9-2020-q2-update.win32_1.5.0.202011040924/tools/bin/../lib/gcc/arm-none-eabi/9.3.1/../../../../arm-none-eabi/lib/thumb/v7e-m+fp/hard\libc.a
LOAD c:/st/stm32cubeide_1.6.0/stm32cubeide/plugins/com.st.stm32cube.ide.mcu.externaltools.gnu-tools-for-stm32.9-2020-q2-update.win32_1.5.0.202011040924/tools/bin/../lib/gcc/arm-none-eabi/9.3.1/../../../../arm-none-eabi/lib/thumb/v7e-m+fp/hard\libm.a
LOAD c:/st/stm32cubeide_1.6.0/stm32cubeide/plugins/com.st.stm32cube.ide.mcu.externaltools.gnu-tools-for-stm32.9-2020-q2-update.win32_1.5.0.202011040924/tools/bin/../lib/gcc/arm-none-eabi/9.3.1/thumb/v7e-m+fp/hard\libgcc.a

.debug_info     0x0000000000000000     0xf6f9
 .debug_info    0x0000000000000000      0x36d Core/Src/freertos.o
 .debug_info    0x000000000000036d     0x15c8 Core/Src/main.o
 .debug_info    0x0000000000001935      0xc1f Core/Src/stm32f4xx_hal_msp.o
 .debug_info    0x0000000000002554      0x211 Core/Src/stm32f4xx_it.o
 .debug_info    0x0000000000002765      0xa25 Core/Src/sysmem.o
 .debug_info    0x000000000000318a      0x5a4 Core/Src/system_stm32f4xx.o
 .debug_info    0x000000000000372e       0x22 Core/Startup/startup_stm32f407vgtx.o
 .debug_info    0x0000000000003750      0x9b2 Drivers/STM32F4xx_HAL_Driver/Src/stm32f4xx_hal.o
 .debug_info    0x0000000000004102      0xed7 Drivers/STM32F4xx_HAL_Driver/Src/stm32f4xx_hal_cortex.o
 .debug_info    0x0000000000004fd9      0x83e Drivers/STM32F4xx_HAL_Driver/Src/stm32f4xx_hal_gpio.o
 .debug_info    0x0000000000005817      0x996 Drivers/STM32F4xx_HAL_Driver/Src/stm32f4xx_hal_rcc.o
 .debug_info    0x00000000000061ad     0x31de Drivers/STM32F4xx_HAL_Driver/Src/stm32f4xx_hal_uart.o
 .debug_info    0x000000000000938b      0xb82 Middlewares/Third_Party/FreeRTOS/Source/list.o
 .debug_info    0x0000000000009f0d     0x1ffc Middlewares/Third_Party/FreeRTOS/Source/queue.o
 .debug_info    0x000000000000bf09     0x2575 Middlewares/Third_Party/FreeRTOS/Source/tasks.o
 .debug_info    0x000000000000e47e      0x4f1 Middlewares/Third_Party/FreeRTOS/Source/portable/GCC/ARM_CM4F/port.o
 .debug_info    0x000000000000e96f      0xd8a Middlewares/Third_Party/FreeRTOS/Source/portable/MemMang/heap_4.o

.debug_abbrev   0x0000000000000000     0x242e
 .debug_abbrev  0x0000000000000000      0x11d Core/Src/freertos.o
 .debug_abbrev  0x000000000000011d      0x2ff Core/Src/main.o
 .debug_abbrev  0x000000000000041c      0x1b5 Core/Src/stm32f4xx_hal_msp.o
 .debug_abbrev  0x00000000000005d1       0xd2 Core/Src/stm32f4xx_it.o
 .debug_abbrev  0x00000000000006a3      0x1bf Core/Src/sysmem.o
 .debug_abbrev  0x0000000000000862      0x145 Core/Src/system_stm32f4xx.o
 .debug_abbrev  0x00000000000009a7       0x12 Core/Startup/startup_stm32f407vgtx.o
 .debug_abbrev  0x00000000000009b9      0x1ed Drivers/STM32F4xx_HAL_Driver/Src/stm32f4xx_hal.o
 .debug_abbrev  0x0000000000000ba6      0x33c Drivers/STM32F4xx_HAL_Driver/Src/stm32f4xx_hal_cortex.o
 .debug_abbrev  0x0000000000000ee2      0x1f1 Drivers/STM32F4xx_HAL_Driver/Src/stm32f4xx_hal_gpio.o
 .debug_abbrev  0x00000000000010d3      0x275 Drivers/STM32F4xx_HAL_Driver/Src/stm32f4xx_hal_rcc.o
 .debug_abbrev  0x0000000000001348      0x2eb Drivers/STM32F4xx_HAL_Driver/Src/stm32f4xx_hal_uart.o
 .debug_abbrev  0x0000000000001633      0x1f7 Middlewares/Third_Party/FreeRTOS/Source/list.o
 .debug_abbrev  0x000000000000182a      0x380 Middlewares/Third_Party/FreeRTOS/Source/queue.o
 .debug_abbrev  0x0000000000001baa      0x380 Middlewares/Third_Party/FreeRTOS/Source/tasks.o
 .debug_abbrev  0x0000000000001f2a      0x231 Middlewares/Third_Party/FreeRTOS/Source/portable/GCC/ARM_CM4F/port.o
 .debug_abbrev  0x000000000000215b      0x2d3 Middlewares/Third_Party/FreeRTOS/Source/portable/MemMang/heap_4.o

.debug_aranges  0x0000000000000000      0xa28
 .debug_aranges
                0x0000000000000000       0x20 Core/Src/freertos.o
 .debug_aranges
                0x0000000000000020       0x58 Core/Src/main.o
 .debug_aranges
                0x0000000000000078       0x30 Core/Src/stm32f4xx_hal_msp.o
 .debug_aranges
                0x00000000000000a8       0x50 Core/Src/stm32f4xx_it.o
 .debug_aranges
                0x00000000000000f8       0x20 Core/Src/sysmem.o
 .debug_aranges
                0x0000000000000118       0x28 Core/Src/system_stm32f4xx.o
 .debug_aranges
                0x0000000000000140       0x28 Core/Startup/startup_stm32f407vgtx.o
 .debug_aranges
                0x0000000000000168       0xf0 Drivers/STM32F4xx_HAL_Driver/Src/stm32f4xx_hal.o
 .debug_aranges
                0x0000000000000258      0x118 Drivers/STM32F4xx_HAL_Driver/Src/stm32f4xx_hal_cortex.o
 .debug_aranges
                0x0000000000000370       0x58 Drivers/STM32F4xx_HAL_Driver/Src/stm32f4xx_hal_gpio.o
 .debug_aranges
                0x00000000000003c8       0x88 Drivers/STM32F4xx_HAL_Driver/Src/stm32f4xx_hal_rcc.o
 .debug_aranges
                0x0000000000000450      0x200 Drivers/STM32F4xx_HAL_Driver/Src/stm32f4xx_hal_uart.o
 .debug_aranges
                0x0000000000000650       0x40 Middlewares/Third_Party/FreeRTOS/Source/list.o
 .debug_aranges
                0x0000000000000690      0x108 Middlewares/Third_Party/FreeRTOS/Source/queue.o
 .debug_aranges
                0x0000000000000798      0x1b8 Middlewares/Third_Party/FreeRTOS/Source/tasks.o
 .debug_aranges
                0x0000000000000950       0x80 Middlewares/Third_Party/FreeRTOS/Source/portable/GCC/ARM_CM4F/port.o
 .debug_aranges
                0x00000000000009d0       0x58 Middlewares/Third_Party/FreeRTOS/Source/portable/MemMang/heap_4.o

.debug_ranges   0x0000000000000000      0x950
 .debug_ranges  0x0000000000000000       0x10 Core/Src/freertos.o
 .debug_ranges  0x0000000000000010       0x48 Core/Src/main.o
 .debug_ranges  0x0000000000000058       0x20 Core/Src/stm32f4xx_hal_msp.o
 .debug_ranges  0x0000000000000078       0x40 Core/Src/stm32f4xx_it.o
 .debug_ranges  0x00000000000000b8       0x10 Core/Src/sysmem.o
 .debug_ranges  0x00000000000000c8       0x18 Core/Src/system_stm32f4xx.o
 .debug_ranges  0x00000000000000e0       0x20 Core/Startup/startup_stm32f407vgtx.o
 .debug_ranges  0x0000000000000100       0xe0 Drivers/STM32F4xx_HAL_Driver/Src/stm32f4xx_hal.o
 .debug_ranges  0x00000000000001e0      0x108 Drivers/STM32F4xx_HAL_Driver/Src/stm32f4xx_hal_cortex.o
 .debug_ranges  0x00000000000002e8       0x48 Drivers/STM32F4xx_HAL_Driver/Src/stm32f4xx_hal_gpio.o
 .debug_ranges  0x0000000000000330       0x78 Drivers/STM32F4xx_HAL_Driver/Src/stm32f4xx_hal_rcc.o
 .debug_ranges  0x00000000000003a8      0x220 Drivers/STM32F4xx_HAL_Driver/Src/stm32f4xx_hal_uart.o
 .debug_ranges  0x00000000000005c8       0x30 Middlewares/Third_Party/FreeRTOS/Source/list.o
 .debug_ranges  0x00000000000005f8       0xf8 Middlewares/Third_Party/FreeRTOS/Source/queue.o
 .debug_ranges  0x00000000000006f0      0x1a8 Middlewares/Third_Party/FreeRTOS/Source/tasks.o
 .debug_ranges  0x0000000000000898       0x70 Middlewares/Third_Party/FreeRTOS/Source/portable/GCC/ARM_CM4F/port.o
 .debug_ranges  0x0000000000000908       0x48 Middlewares/Third_Party/FreeRTOS/Source/portable/MemMang/heap_4.o

.debug_macro    0x0000000000000000    0x21bfb
 .debug_macro   0x0000000000000000      0x22c Core/Src/freertos.o
 .debug_macro   0x000000000000022c      0xaa8 Core/Src/freertos.o
 .debug_macro   0x0000000000000cd4      0x174 Core/Src/freertos.o
 .debug_macro   0x0000000000000e48       0x22 Core/Src/freertos.o
 .debug_macro   0x0000000000000e6a       0x8e Core/Src/freertos.o
 .debug_macro   0x0000000000000ef8       0x51 Core/Src/freertos.o
 .debug_macro   0x0000000000000f49      0x103 Core/Src/freertos.o
 .debug_macro   0x000000000000104c       0x6a Core/Src/freertos.o
 .debug_macro   0x00000000000010b6      0x1df Core/Src/freertos.o
 .debug_macro   0x0000000000001295       0xe4 Core/Src/freertos.o
 .debug_macro   0x0000000000001379      0x15a Core/Src/freertos.o
 .debug_macro   0x00000000000014d3       0xde Core/Src/freertos.o
 .debug_macro   0x00000000000015b1       0x1c Core/Src/freertos.o
 .debug_macro   0x00000000000015cd       0x26 Core/Src/freertos.o
 .debug_macro   0x00000000000015f3      0x504 Core/Src/freertos.o
 .debug_macro   0x0000000000001af7       0xb5 Core/Src/freertos.o
 .debug_macro   0x0000000000001bac       0xaa Core/Src/freertos.o
 .debug_macro   0x0000000000001c56      0x295 Core/Src/freertos.o
 .debug_macro   0x0000000000001eeb       0x2e Core/Src/freertos.o
 .debug_macro   0x0000000000001f19       0x2f Core/Src/freertos.o
 .debug_macro   0x0000000000001f48       0x1c Core/Src/freertos.o
 .debug_macro   0x0000000000001f64       0x22 Core/Src/freertos.o
 .debug_macro   0x0000000000001f86       0xdf Core/Src/freertos.o
 .debug_macro   0x0000000000002065     0x102d Core/Src/freertos.o
 .debug_macro   0x0000000000003092      0x11f Core/Src/freertos.o
 .debug_macro   0x00000000000031b1    0x15e58 Core/Src/freertos.o
 .debug_macro   0x0000000000019009       0x6d Core/Src/freertos.o
 .debug_macro   0x0000000000019076     0x3666 Core/Src/freertos.o
 .debug_macro   0x000000000001c6dc       0x5c Core/Src/freertos.o
 .debug_macro   0x000000000001c738      0x96b Core/Src/freertos.o
 .debug_macro   0x000000000001d0a3      0x9fe Core/Src/freertos.o
 .debug_macro   0x000000000001daa1      0x116 Core/Src/freertos.o
 .debug_macro   0x000000000001dbb7      0x13e Core/Src/freertos.o
 .debug_macro   0x000000000001dcf5       0xa5 Core/Src/freertos.o
 .debug_macro   0x000000000001dd9a      0x174 Core/Src/freertos.o
 .debug_macro   0x000000000001df0e      0x287 Core/Src/freertos.o
 .debug_macro   0x000000000001e195       0x5f Core/Src/freertos.o
 .debug_macro   0x000000000001e1f4      0x236 Core/Src/freertos.o
 .debug_macro   0x000000000001e42a      0x12c Core/Src/freertos.o
 .debug_macro   0x000000000001e556      0x21e Core/Src/freertos.o
 .debug_macro   0x000000000001e774       0x2e Core/Src/freertos.o
 .debug_macro   0x000000000001e7a2      0x11a Core/Src/freertos.o
 .debug_macro   0x000000000001e8bc       0x7e Core/Src/freertos.o
 .debug_macro   0x000000000001e93a       0x89 Core/Src/freertos.o
 .debug_macro   0x000000000001e9c3      0x295 Core/Src/freertos.o
 .debug_macro   0x000000000001ec58      0x12d Core/Src/freertos.o
 .debug_macro   0x000000000001ed85      0x406 Core/Src/main.o
 .debug_macro   0x000000000001f18b       0xe4 Core/Src/main.o
 .debug_macro   0x000000000001f26f       0x91 Core/Src/main.o
 .debug_macro   0x000000000001f300       0x8d Core/Src/main.o
 .debug_macro   0x000000000001f38d       0x7e Core/Src/main.o
 .debug_macro   0x000000000001f40b       0x19 Core/Src/main.o
 .debug_macro   0x000000000001f424       0xf2 Core/Src/main.o
 .debug_macro   0x000000000001f516       0x52 Core/Src/main.o
 .debug_macro   0x000000000001f568       0x18 Core/Src/main.o
 .debug_macro   0x000000000001f580       0x3c Core/Src/main.o
 .debug_macro   0x000000000001f5bc       0x34 Core/Src/main.o
 .debug_macro   0x000000000001f5f0       0x16 Core/Src/main.o
 .debug_macro   0x000000000001f606       0x43 Core/Src/main.o
 .debug_macro   0x000000000001f649       0x34 Core/Src/main.o
 .debug_macro   0x000000000001f67d       0x10 Core/Src/main.o
 .debug_macro   0x000000000001f68d       0x58 Core/Src/main.o
 .debug_macro   0x000000000001f6e5       0x71 Core/Src/main.o
 .debug_macro   0x000000000001f756       0x1c Core/Src/main.o
 .debug_macro   0x000000000001f772      0x12a Core/Src/main.o
 .debug_macro   0x000000000001f89c      0x333 Core/Src/main.o
 .debug_macro   0x000000000001fbcf       0x10 Core/Src/main.o
 .debug_macro   0x000000000001fbdf       0x35 Core/Src/main.o
 .debug_macro   0x000000000001fc14       0x20 Core/Src/main.o
 .debug_macro   0x000000000001fc34       0x1c Core/Src/main.o
 .debug_macro   0x000000000001fc50       0x10 Core/Src/main.o
 .debug_macro   0x000000000001fc60       0x10 Core/Src/main.o
 .debug_macro   0x000000000001fc70       0x1c Core/Src/main.o
 .debug_macro   0x000000000001fc8c       0x52 Core/Src/main.o
 .debug_macro   0x000000000001fcde       0x22 Core/Src/main.o
 .debug_macro   0x000000000001fd00       0x10 Core/Src/main.o
 .debug_macro   0x000000000001fd10       0x40 Core/Src/main.o
 .debug_macro   0x000000000001fd50       0xd5 Core/Src/main.o
 .debug_macro   0x000000000001fe25       0x1c Core/Src/main.o
 .debug_macro   0x000000000001fe41       0x3d Core/Src/main.o
 .debug_macro   0x000000000001fe7e       0x16 Core/Src/main.o
 .debug_macro   0x000000000001fe94      0x145 Core/Src/main.o
 .debug_macro   0x000000000001ffd9      0x1c4 Core/Src/stm32f4xx_hal_msp.o
 .debug_macro   0x000000000002019d      0x236 Core/Src/stm32f4xx_it.o
 .debug_macro   0x00000000000203d3       0xff Core/Src/sysmem.o
 .debug_macro   0x00000000000204d2      0x23b Core/Src/sysmem.o
 .debug_macro   0x000000000002070d      0x1ba Core/Src/system_stm32f4xx.o
 .debug_macro   0x00000000000208c7      0x21a Drivers/STM32F4xx_HAL_Driver/Src/stm32f4xx_hal.o
 .debug_macro   0x0000000000020ae1      0x1ba Drivers/STM32F4xx_HAL_Driver/Src/stm32f4xx_hal_cortex.o
 .debug_macro   0x0000000000020c9b      0x1c0 Drivers/STM32F4xx_HAL_Driver/Src/stm32f4xx_hal_gpio.o
 .debug_macro   0x0000000000020e5b      0x1de Drivers/STM32F4xx_HAL_Driver/Src/stm32f4xx_hal_rcc.o
 .debug_macro   0x0000000000021039      0x1bb Drivers/STM32F4xx_HAL_Driver/Src/stm32f4xx_hal_uart.o
 .debug_macro   0x00000000000211f4      0x187 Middlewares/Third_Party/FreeRTOS/Source/list.o
 .debug_macro   0x000000000002137b      0x216 Middlewares/Third_Party/FreeRTOS/Source/queue.o
 .debug_macro   0x0000000000021591       0x16 Middlewares/Third_Party/FreeRTOS/Source/queue.o
 .debug_macro   0x00000000000215a7       0x87 Middlewares/Third_Party/FreeRTOS/Source/queue.o
 .debug_macro   0x000000000002162e      0x279 Middlewares/Third_Party/FreeRTOS/Source/tasks.o
 .debug_macro   0x00000000000218a7       0x10 Middlewares/Third_Party/FreeRTOS/Source/tasks.o
 .debug_macro   0x00000000000218b7      0x196 Middlewares/Third_Party/FreeRTOS/Source/portable/GCC/ARM_CM4F/port.o
 .debug_macro   0x0000000000021a4d      0x1ae Middlewares/Third_Party/FreeRTOS/Source/portable/MemMang/heap_4.o

.debug_line     0x0000000000000000     0xcc31
 .debug_line    0x0000000000000000      0x794 Core/Src/freertos.o
 .debug_line    0x0000000000000794      0xbb7 Core/Src/main.o
 .debug_line    0x000000000000134b      0x6e4 Core/Src/stm32f4xx_hal_msp.o
 .debug_line    0x0000000000001a2f      0x83e Core/Src/stm32f4xx_it.o
 .debug_line    0x000000000000226d      0x4f8 Core/Src/sysmem.o
 .debug_line    0x0000000000002765      0x717 Core/Src/system_stm32f4xx.o
 .debug_line    0x0000000000002e7c       0x88 Core/Startup/startup_stm32f407vgtx.o
 .debug_line    0x0000000000002f04      0x97d Drivers/STM32F4xx_HAL_Driver/Src/stm32f4xx_hal.o
 .debug_line    0x0000000000003881      0xc2c Drivers/STM32F4xx_HAL_Driver/Src/stm32f4xx_hal_cortex.o
 .debug_line    0x00000000000044ad      0xaf3 Drivers/STM32F4xx_HAL_Driver/Src/stm32f4xx_hal_gpio.o
 .debug_line    0x0000000000004fa0      0xcf7 Drivers/STM32F4xx_HAL_Driver/Src/stm32f4xx_hal_rcc.o
 .debug_line    0x0000000000005c97     0x2a04 Drivers/STM32F4xx_HAL_Driver/Src/stm32f4xx_hal_uart.o
 .debug_line    0x000000000000869b      0x70b Middlewares/Third_Party/FreeRTOS/Source/list.o
 .debug_line    0x0000000000008da6     0x148c Middlewares/Third_Party/FreeRTOS/Source/queue.o
 .debug_line    0x000000000000a232     0x191b Middlewares/Third_Party/FreeRTOS/Source/tasks.o
 .debug_line    0x000000000000bb4d      0x7af Middlewares/Third_Party/FreeRTOS/Source/portable/GCC/ARM_CM4F/port.o
 .debug_line    0x000000000000c2fc      0x935 Middlewares/Third_Party/FreeRTOS/Source/portable/MemMang/heap_4.o

.debug_str      0x0000000000000000    0xcb22f
 .debug_str     0x0000000000000000    0xc02c5 Core/Src/freertos.o
                                      0xc057b (size before relaxing)
 .debug_str     0x00000000000c02c5     0x69af Core/Src/main.o
                                      0xc6eca (size before relaxing)
 .debug_str     0x00000000000c6c74      0x58f Core/Src/stm32f4xx_hal_msp.o
                                      0xbd150 (size before relaxing)
 .debug_str     0x00000000000c7203       0xa2 Core/Src/stm32f4xx_it.o
                                      0xc04cb (size before relaxing)
 .debug_str     0x00000000000c72a5      0x369 Core/Src/sysmem.o
                                       0x6290 (size before relaxing)
 .debug_str     0x00000000000c760e       0xaf Core/Src/system_stm32f4xx.o
                                      0xbc80d (size before relaxing)
 .debug_str     0x00000000000c76bd       0x36 Core/Startup/startup_stm32f407vgtx.o
                                         0x61 (size before relaxing)
 .debug_str     0x00000000000c76f3      0x58d Drivers/STM32F4xx_HAL_Driver/Src/stm32f4xx_hal.o
                                      0xbd2ef (size before relaxing)
 .debug_str     0x00000000000c7c80      0x392 Drivers/STM32F4xx_HAL_Driver/Src/stm32f4xx_hal_cortex.o
                                      0xbd0de (size before relaxing)
 .debug_str     0x00000000000c8012      0x17b Drivers/STM32F4xx_HAL_Driver/Src/stm32f4xx_hal_gpio.o
                                      0xbc9b4 (size before relaxing)
 .debug_str     0x00000000000c818d      0x259 Drivers/STM32F4xx_HAL_Driver/Src/stm32f4xx_hal_rcc.o
                                      0xbcc0f (size before relaxing)
 .debug_str     0x00000000000c83e6      0x615 Drivers/STM32F4xx_HAL_Driver/Src/stm32f4xx_hal_uart.o
                                      0xbd195 (size before relaxing)
 .debug_str     0x00000000000c89fb      0x22c Middlewares/Third_Party/FreeRTOS/Source/list.o
                                       0xab2f (size before relaxing)
 .debug_str     0x00000000000c8c27      0x8ff Middlewares/Third_Party/FreeRTOS/Source/queue.o
                                       0xc339 (size before relaxing)
 .debug_str     0x00000000000c9526     0x11ae Middlewares/Third_Party/FreeRTOS/Source/tasks.o
                                       0xcd99 (size before relaxing)
 .debug_str     0x00000000000ca6d4      0x817 Middlewares/Third_Party/FreeRTOS/Source/portable/GCC/ARM_CM4F/port.o
                                       0x8672 (size before relaxing)
 .debug_str     0x00000000000caeeb      0x344 Middlewares/Third_Party/FreeRTOS/Source/portable/MemMang/heap_4.o
                                       0xb422 (size before relaxing)

.comment        0x0000000000000000       0x53
 .comment       0x0000000000000000       0x53 Core/Src/freertos.o
                                         0x54 (size before relaxing)
 .comment       0x0000000000000053       0x54 Core/Src/main.o
 .comment       0x0000000000000053       0x54 Core/Src/stm32f4xx_hal_msp.o
 .comment       0x0000000000000053       0x54 Core/Src/stm32f4xx_it.o
 .comment       0x0000000000000053       0x54 Core/Src/sysmem.o
 .comment       0x0000000000000053       0x54 Core/Src/system_stm32f4xx.o
 .comment       0x0000000000000053       0x54 Drivers/STM32F4xx_HAL_Driver/Src/stm32f4xx_hal.o
 .comment       0x0000000000000053       0x54 Drivers/STM32F4xx_HAL_Driver/Src/stm32f4xx_hal_cortex.o
 .comment       0x0000000000000053       0x54 Drivers/STM32F4xx_HAL_Driver/Src/stm32f4xx_hal_gpio.o
 .comment       0x0000000000000053       0x54 Drivers/STM32F4xx_HAL_Driver/Src/stm32f4xx_hal_rcc.o
 .comment       0x0000000000000053       0x54 Drivers/STM32F4xx_HAL_Driver/Src/stm32f4xx_hal_uart.o
 .comment       0x0000000000000053       0x54 Middlewares/Third_Party/FreeRTOS/Source/list.o
 .comment       0x0000000000000053       0x54 Middlewares/Third_Party/FreeRTOS/Source/queue.o
 .comment       0x0000000000000053       0x54 Middlewares/Third_Party/FreeRTOS/Source/tasks.o
 .comment       0x0000000000000053       0x54 Middlewares/Third_Party/FreeRTOS/Source/portable/GCC/ARM_CM4F/port.o
 .comment       0x0000000000000053       0x54 Middlewares/Third_Party/FreeRTOS/Source/portable/MemMang/heap_4.o

.debug_frame    0x0000000000000000     0x2bc0
 .debug_frame   0x0000000000000000       0x38 Core/Src/freertos.o
 .debug_frame   0x0000000000000038      0x114 Core/Src/main.o
 .debug_frame   0x000000000000014c       0x7c Core/Src/stm32f4xx_hal_msp.o
 .debug_frame   0x00000000000001c8       0xc4 Core/Src/stm32f4xx_it.o
 .debug_frame   0x000000000000028c       0x34 Core/Src/sysmem.o
 .debug_frame   0x00000000000002c0       0x58 Core/Src/system_stm32f4xx.o
 .debug_frame   0x0000000000000318      0x374 Drivers/STM32F4xx_HAL_Driver/Src/stm32f4xx_hal.o
 .debug_frame   0x000000000000068c      0x498 Drivers/STM32F4xx_HAL_Driver/Src/stm32f4xx_hal_cortex.o
 .debug_frame   0x0000000000000b24      0x14c Drivers/STM32F4xx_HAL_Driver/Src/stm32f4xx_hal_gpio.o
 .debug_frame   0x0000000000000c70      0x1ec Drivers/STM32F4xx_HAL_Driver/Src/stm32f4xx_hal_rcc.o
 .debug_frame   0x0000000000000e5c      0x92c Drivers/STM32F4xx_HAL_Driver/Src/stm32f4xx_hal_uart.o
 .debug_frame   0x0000000000001788       0xd8 Middlewares/Third_Party/FreeRTOS/Source/list.o
 .debug_frame   0x0000000000001860      0x46c Middlewares/Third_Party/FreeRTOS/Source/queue.o
 .debug_frame   0x0000000000001ccc      0x77c Middlewares/Third_Party/FreeRTOS/Source/tasks.o
 .debug_frame   0x0000000000002448      0x1a8 Middlewares/Third_Party/FreeRTOS/Source/portable/GCC/ARM_CM4F/port.o
 .debug_frame   0x00000000000025f0      0x12c Middlewares/Third_Party/FreeRTOS/Source/portable/MemMang/heap_4.o
 .debug_frame   0x000000000000271c       0x20 c:/st/stm32cubeide_1.6.0/stm32cubeide/plugins/com.st.stm32cube.ide.mcu.externaltools.gnu-tools-for-stm32.9-2020-q2-update.win32_1.5.0.202011040924/tools/bin/../lib/gcc/arm-none-eabi/9.3.1/../../../../arm-none-eabi/lib/thumb/v7e-m+fp/hard\libc_nano.a(lib_a-errno.o)
 .debug_frame   0x000000000000273c       0x2c c:/st/stm32cubeide_1.6.0/stm32cubeide/plugins/com.st.stm32cube.ide.mcu.externaltools.gnu-tools-for-stm32.9-2020-q2-update.win32_1.5.0.202011040924/tools/bin/../lib/gcc/arm-none-eabi/9.3.1/../../../../arm-none-eabi/lib/thumb/v7e-m+fp/hard\libc_nano.a(lib_a-init.o)
 .debug_frame   0x0000000000002768       0x28 c:/st/stm32cubeide_1.6.0/stm32cubeide/plugins/com.st.stm32cube.ide.mcu.externaltools.gnu-tools-for-stm32.9-2020-q2-update.win32_1.5.0.202011040924/tools/bin/../lib/gcc/arm-none-eabi/9.3.1/../../../../arm-none-eabi/lib/thumb/v7e-m+fp/hard\libc_nano.a(lib_a-memcpy-stub.o)
 .debug_frame   0x0000000000002790       0x20 c:/st/stm32cubeide_1.6.0/stm32cubeide/plugins/com.st.stm32cube.ide.mcu.externaltools.gnu-tools-for-stm32.9-2020-q2-update.win32_1.5.0.202011040924/tools/bin/../lib/gcc/arm-none-eabi/9.3.1/../../../../arm-none-eabi/lib/thumb/v7e-m+fp/hard\libc_nano.a(lib_a-memset.o)
 .debug_frame   0x00000000000027b0       0x6c c:/st/stm32cubeide_1.6.0/stm32cubeide/plugins/com.st.stm32cube.ide.mcu.externaltools.gnu-tools-for-stm32.9-2020-q2-update.win32_1.5.0.202011040924/tools/bin/../lib/gcc/arm-none-eabi/9.3.1/../../../../arm-none-eabi/lib/thumb/v7e-m+fp/hard\libc_nano.a(lib_a-sprintf.o)
 .debug_frame   0x000000000000281c       0x90 c:/st/stm32cubeide_1.6.0/stm32cubeide/plugins/com.st.stm32cube.ide.mcu.externaltools.gnu-tools-for-stm32.9-2020-q2-update.win32_1.5.0.202011040924/tools/bin/../lib/gcc/arm-none-eabi/9.3.1/../../../../arm-none-eabi/lib/thumb/v7e-m+fp/hard\libc_nano.a(lib_a-nano-svfprintf.o)
 .debug_frame   0x00000000000028ac       0x60 c:/st/stm32cubeide_1.6.0/stm32cubeide/plugins/com.st.stm32cube.ide.mcu.externaltools.gnu-tools-for-stm32.9-2020-q2-update.win32_1.5.0.202011040924/tools/bin/../lib/gcc/arm-none-eabi/9.3.1/../../../../arm-none-eabi/lib/thumb/v7e-m+fp/hard\libc_nano.a(lib_a-nano-vfprintf_i.o)
 .debug_frame   0x000000000000290c       0x28 c:/st/stm32cubeide_1.6.0/stm32cubeide/plugins/com.st.stm32cube.ide.mcu.externaltools.gnu-tools-for-stm32.9-2020-q2-update.win32_1.5.0.202011040924/tools/bin/../lib/gcc/arm-none-eabi/9.3.1/../../../../arm-none-eabi/lib/thumb/v7e-m+fp/hard\libc_nano.a(lib_a-memmove.o)
 .debug_frame   0x0000000000002934       0x38 c:/st/stm32cubeide_1.6.0/stm32cubeide/plugins/com.st.stm32cube.ide.mcu.externaltools.gnu-tools-for-stm32.9-2020-q2-update.win32_1.5.0.202011040924/tools/bin/../lib/gcc/arm-none-eabi/9.3.1/../../../../arm-none-eabi/lib/thumb/v7e-m+fp/hard\libc_nano.a(lib_a-nano-freer.o)
 .debug_frame   0x000000000000296c       0x30 c:/st/stm32cubeide_1.6.0/stm32cubeide/plugins/com.st.stm32cube.ide.mcu.externaltools.gnu-tools-for-stm32.9-2020-q2-update.win32_1.5.0.202011040924/tools/bin/../lib/gcc/arm-none-eabi/9.3.1/../../../../arm-none-eabi/lib/thumb/v7e-m+fp/hard\libc_nano.a(lib_a-nano-mallocr.o)
 .debug_frame   0x000000000000299c       0x3c c:/st/stm32cubeide_1.6.0/stm32cubeide/plugins/com.st.stm32cube.ide.mcu.externaltools.gnu-tools-for-stm32.9-2020-q2-update.win32_1.5.0.202011040924/tools/bin/../lib/gcc/arm-none-eabi/9.3.1/../../../../arm-none-eabi/lib/thumb/v7e-m+fp/hard\libc_nano.a(lib_a-nano-reallocr.o)
 .debug_frame   0x00000000000029d8       0x2c c:/st/stm32cubeide_1.6.0/stm32cubeide/plugins/com.st.stm32cube.ide.mcu.externaltools.gnu-tools-for-stm32.9-2020-q2-update.win32_1.5.0.202011040924/tools/bin/../lib/gcc/arm-none-eabi/9.3.1/../../../../arm-none-eabi/lib/thumb/v7e-m+fp/hard\libc_nano.a(lib_a-sbrkr.o)
 .debug_frame   0x0000000000002a04       0x30 c:/st/stm32cubeide_1.6.0/stm32cubeide/plugins/com.st.stm32cube.ide.mcu.externaltools.gnu-tools-for-stm32.9-2020-q2-update.win32_1.5.0.202011040924/tools/bin/../lib/gcc/arm-none-eabi/9.3.1/../../../../arm-none-eabi/lib/thumb/v7e-m+fp/hard\libc_nano.a(lib_a-mlock.o)
 .debug_frame   0x0000000000002a34       0x20 c:/st/stm32cubeide_1.6.0/stm32cubeide/plugins/com.st.stm32cube.ide.mcu.externaltools.gnu-tools-for-stm32.9-2020-q2-update.win32_1.5.0.202011040924/tools/bin/../lib/gcc/arm-none-eabi/9.3.1/../../../../arm-none-eabi/lib/thumb/v7e-m+fp/hard\libc_nano.a(lib_a-nano-msizer.o)
 .debug_frame   0x0000000000002a54       0x5c c:/st/stm32cubeide_1.6.0/stm32cubeide/plugins/com.st.stm32cube.ide.mcu.externaltools.gnu-tools-for-stm32.9-2020-q2-update.win32_1.5.0.202011040924/tools/bin/../lib/gcc/arm-none-eabi/9.3.1/../../../../arm-none-eabi/lib/thumb/v7e-m+fp/hard\libc_nano.a(lib_a-reent.o)
 .debug_frame   0x0000000000002ab0       0xb0 c:/st/stm32cubeide_1.6.0/stm32cubeide/plugins/com.st.stm32cube.ide.mcu.externaltools.gnu-tools-for-stm32.9-2020-q2-update.win32_1.5.0.202011040924/tools/bin/../lib/gcc/arm-none-eabi/9.3.1/../../../../arm-none-eabi/lib/thumb/v7e-m+fp/hard\libc_nano.a(lib_a-lock.o)
 .debug_frame   0x0000000000002b60       0x2c c:/st/stm32cubeide_1.6.0/stm32cubeide/plugins/com.st.stm32cube.ide.mcu.externaltools.gnu-tools-for-stm32.9-2020-q2-update.win32_1.5.0.202011040924/tools/bin/../lib/gcc/arm-none-eabi/9.3.1/thumb/v7e-m+fp/hard\libgcc.a(_aeabi_uldivmod.o)
 .debug_frame   0x0000000000002b8c       0x34 c:/st/stm32cubeide_1.6.0/stm32cubeide/plugins/com.st.stm32cube.ide.mcu.externaltools.gnu-tools-for-stm32.9-2020-q2-update.win32_1.5.0.202011040924/tools/bin/../lib/gcc/arm-none-eabi/9.3.1/thumb/v7e-m+fp/hard\libgcc.a(_udivmoddi4.o)
